Archive member included to satisfy reference by file (symbol)

/opt/devkitpro/portlibs/wii/lib/libSDLmain.a(SDL_wii_main.o)
                              /opt/devkitpro/devkitPPC/bin/../lib/gcc/powerpc-eabi/10.2.0/../../../../powerpc-eabi/lib/crtmain.o (main)
/opt/devkitpro/portlibs/wii/lib/libSDL.a(SDL.o)
                              /opt/devkitpro/portlibs/wii/lib/libSDLmain.a(SDL_wii_main.o) (SDL_Quit)
/opt/devkitpro/portlibs/wii/lib/libSDL.a(SDL_error.o)
                              /opt/devkitpro/portlibs/wii/lib/libSDL.a(SDL.o) (SDL_SetError)
/opt/devkitpro/portlibs/wii/lib/libSDL.a(SDL_fatal.o)
                              /opt/devkitpro/portlibs/wii/lib/libSDL.a(SDL.o) (SDL_InstallParachute)
/opt/devkitpro/portlibs/wii/lib/libSDL.a(SDL_audio.o)
                              /opt/devkitpro/portlibs/wii/lib/libSDL.a(SDL.o) (SDL_AudioQuit)
/opt/devkitpro/portlibs/wii/lib/libSDL.a(SDL_audiocvt.o)
                              /opt/devkitpro/portlibs/wii/lib/libSDL.a(SDL_audio.o) (SDL_ConvertAudio)
/opt/devkitpro/portlibs/wii/lib/libSDL.a(SDL_thread.o)
                              /opt/devkitpro/portlibs/wii/lib/libSDL.a(SDL_error.o) (SDL_GetErrBuf)
/opt/devkitpro/portlibs/wii/lib/libSDL.a(SDL_timer.o)
                              /opt/devkitpro/portlibs/wii/lib/libSDL.a(SDL.o) (SDL_TimerQuit)
/opt/devkitpro/portlibs/wii/lib/libSDL.a(SDL_video.o)
                              /opt/devkitpro/portlibs/wii/lib/libSDL.a(SDL.o) (SDL_VideoQuit)
/opt/devkitpro/portlibs/wii/lib/libSDL.a(SDL_joystick.o)
                              /opt/devkitpro/portlibs/wii/lib/libSDL.a(SDL.o) (SDL_JoystickInit)
/opt/devkitpro/portlibs/wii/lib/libSDL.a(SDL_systimer.o)
                              /opt/devkitpro/portlibs/wii/lib/libSDL.a(SDL.o) (SDL_StartTicks)
/opt/devkitpro/portlibs/wii/lib/libSDL.a(SDL_ogcAudio.o)
                              /opt/devkitpro/portlibs/wii/lib/libSDL.a(SDL_audio.o) (OGCAUD_bootstrap)
/opt/devkitpro/portlibs/wii/lib/libSDL.a(SDL_sysjoystick.o)
                              /opt/devkitpro/portlibs/wii/lib/libSDL.a(SDL_joystick.o) (SDL_SYS_JoystickInit)
/opt/devkitpro/portlibs/wii/lib/libSDL.a(SDL_sysmutex.o)
                              /opt/devkitpro/portlibs/wii/lib/libSDL.a(SDL_audio.o) (SDL_CreateMutex)
/opt/devkitpro/portlibs/wii/lib/libSDL.a(SDL_syssem.o)
                              /opt/devkitpro/portlibs/wii/lib/libSDL.a(SDL_thread.o) (SDL_CreateSemaphore)
/opt/devkitpro/portlibs/wii/lib/libSDL.a(SDL_systhread.o)
                              /opt/devkitpro/portlibs/wii/lib/libSDL.a(SDL_thread.o) (SDL_SYS_CreateThread)
/opt/devkitpro/portlibs/wii/lib/libSDL.a(SDL_ogc_video.o)
                              /opt/devkitpro/portlibs/wii/lib/libSDLmain.a(SDL_wii_main.o) (OGC_InitVideoSystem)
/opt/devkitpro/portlibs/wii/lib/libSDL.a(SDL_events.o)
                              /opt/devkitpro/portlibs/wii/lib/libSDL.a(SDL_joystick.o) (SDL_Lock_EventThread)
/opt/devkitpro/portlibs/wii/lib/libSDL.a(SDL_keyboard.o)
                              /opt/devkitpro/portlibs/wii/lib/libSDL.a(SDL_events.o) (SDL_KeyboardInit)
/opt/devkitpro/portlibs/wii/lib/libSDL.a(SDL_mouse.o)
                              /opt/devkitpro/portlibs/wii/lib/libSDL.a(SDL_events.o) (SDL_MouseInit)
/opt/devkitpro/portlibs/wii/lib/libSDL.a(SDL_quit.o)
                              /opt/devkitpro/portlibs/wii/lib/libSDL.a(SDL_events.o) (SDL_QuitInit)
/opt/devkitpro/portlibs/wii/lib/libSDL.a(SDL_resize.o)
                              /opt/devkitpro/portlibs/wii/lib/libSDL.a(SDL_video.o) (SDL_PrivateResize)
/opt/devkitpro/portlibs/wii/lib/libSDL.a(SDL_cursor.o)
                              /opt/devkitpro/portlibs/wii/lib/libSDL.a(SDL_video.o) (SDL_CursorPaletteChanged)
/opt/devkitpro/portlibs/wii/lib/libSDL.a(SDL_pixels.o)
                              /opt/devkitpro/portlibs/wii/lib/libSDL.a(SDL_video.o) (SDL_FormatChanged)
/opt/devkitpro/portlibs/wii/lib/libSDL.a(SDL_surface.o)
                              /opt/devkitpro/portlibs/wii/lib/libSDL.a(SDL_video.o) (SDL_SetClipRect)
/opt/devkitpro/portlibs/wii/lib/libSDL.a(SDL_syscond.o)
                              /opt/devkitpro/portlibs/wii/lib/libSDL.a(SDL_syssem.o) (SDL_CreateCond)
/opt/devkitpro/portlibs/wii/lib/libSDL.a(SDL_wiievents.o)
                              /opt/devkitpro/portlibs/wii/lib/libSDL.a(SDL_ogc_video.o) (WII_PumpEvents)
/opt/devkitpro/portlibs/wii/lib/libSDL.a(SDL_active.o)
                              /opt/devkitpro/portlibs/wii/lib/libSDL.a(SDL_events.o) (SDL_AppActiveInit)
/opt/devkitpro/portlibs/wii/lib/libSDL.a(SDL_string.o)
                              /opt/devkitpro/portlibs/wii/lib/libSDL.a(SDL_pixels.o) (SDL_memcmp)
/opt/devkitpro/portlibs/wii/lib/libSDL.a(SDL_RLEaccel.o)
                              /opt/devkitpro/portlibs/wii/lib/libSDL.a(SDL_pixels.o) (SDL_UnRLESurface)
/opt/devkitpro/portlibs/wii/lib/libSDL.a(SDL_blit.o)
                              /opt/devkitpro/portlibs/wii/lib/libSDL.a(SDL_pixels.o) (SDL_CalculateBlit)
[...]
Memory Configuration

Name             Origin             Length             Attributes
*default*        0x0000000000000000 0xffffffffffffffff

Linker script and memory map

                0x0000000000003400                . = 0x3400

.stub
 *(.stub)
                0x0000000080004000                . = 0x80004000

.init           0x0000000080004000      0x194
 *crt0.o(*.init)
 .init          0x0000000080004000      0x170 /opt/devkitpro/libogc/lib/wii/libogc.a(ogc_crt0.o)
                0x0000000080004000                _start
                0x0000000080004140                _memset
 *(.init)
 .init          0x0000000080004170        0xc /opt/devkitpro/devkitPPC/bin/../lib/gcc/powerpc-eabi/10.2.0/ecrti.o
                0x0000000080004170                __init
 .init          0x000000008000417c        0x4 /opt/devkitpro/devkitPPC/bin/../lib/gcc/powerpc-eabi/10.2.0/crtbegin.o
 .init          0x0000000080004180        0x4 /opt/devkitpro/devkitPPC/bin/../lib/gcc/powerpc-eabi/10.2.0/crtend.o
 .init          0x0000000080004184       0x10 /opt/devkitpro/devkitPPC/bin/../lib/gcc/powerpc-eabi/10.2.0/ecrtn.o

.rela.dyn       0x0000000080004194        0x0
 .rela.iplt     0x0000000080004194        0x0 /opt/devkitpro/devkitPPC/bin/../lib/gcc/powerpc-eabi/10.2.0/crtbegin.o

.plt
 *(.plt)

.interp
 *(.interp)

.hash
 *(.hash)

.dynsym
 *(.dynsym)

.dynstr
 *(.dynstr)

.gnu.version
 *(.gnu.version)

.gnu.version_d
 *(.gnu.version_d)

.gnu.version_r
 *(.gnu.version_r)

.rel.init
 *(.rel.init)

.rela.init      0x0000000080004194        0x0
 *(.rela.init)
 .rela.init     0x0000000080004194        0x0 /opt/devkitpro/devkitPPC/bin/../lib/gcc/powerpc-eabi/10.2.0/crtbegin.o

.rel.text
 *(.rel.text .rel.text.* .rel.gnu.linkonce.t.*)

.rela.text      0x0000000080004194        0x0
 *(.rela.text .rela.text.* .rela.gnu.linkonce.t.*)
 .rela.text.deregister_tm_clones
                0x0000000080004194        0x0 /opt/devkitpro/devkitPPC/bin/../lib/gcc/powerpc-eabi/10.2.0/crtbegin.o
 .rela.text.register_tm_clones
                0x0000000080004194        0x0 /opt/devkitpro/devkitPPC/bin/../lib/gcc/powerpc-eabi/10.2.0/crtbegin.o
 .rela.text.__do_global_dtors_aux
                0x0000000080004194        0x0 /opt/devkitpro/devkitPPC/bin/../lib/gcc/powerpc-eabi/10.2.0/crtbegin.o
 .rela.text.frame_dummy
                0x0000000080004194        0x0 /opt/devkitpro/devkitPPC/bin/../lib/gcc/powerpc-eabi/10.2.0/crtbegin.o
 .rela.text.__lwp_sysinit
                0x0000000080004194        0x0 /opt/devkitpro/devkitPPC/bin/../lib/gcc/powerpc-eabi/10.2.0/crtbegin.o
 .rela.text.__irq_init
                0x0000000080004194        0x0 /opt/devkitpro/devkitPPC/bin/../lib/gcc/powerpc-eabi/10.2.0/crtbegin.o
 .rela.text.SYS_Init
                0x0000000080004194        0x0 /opt/devkitpro/devkitPPC/bin/../lib/gcc/powerpc-eabi/10.2.0/crtbegin.o
 .rela.text.__GX_InitRevBits
                0x0000000080004194        0x0 /opt/devkitpro/devkitPPC/bin/../lib/gcc/powerpc-eabi/10.2.0/crtbegin.o
 .rela.text.__GXDefTexRegionCallback
                0x0000000080004194        0x0 /opt/devkitpro/devkitPPC/bin/../lib/gcc/powerpc-eabi/10.2.0/crtbegin.o
 .rela.text.__GXDefTlutRegionCallback
                0x0000000080004194        0x0 /opt/devkitpro/devkitPPC/bin/../lib/gcc/powerpc-eabi/10.2.0/crtbegin.o
 .rela.text.__SetSURegs
                0x0000000080004194        0x0 /opt/devkitpro/devkitPPC/bin/../lib/gcc/powerpc-eabi/10.2.0/crtbegin.o
 .rela.text.__GXCPInterruptHandler
                0x0000000080004194        0x0 /opt/devkitpro/devkitPPC/bin/../lib/gcc/powerpc-eabi/10.2.0/crtbegin.o
 .rela.text.__GX_SetDirtyState
                0x0000000080004194        0x0 /opt/devkitpro/devkitPPC/bin/../lib/gcc/powerpc-eabi/10.2.0/crtbegin.o
 .rela.text.GX_SetCPUFifo
                0x0000000080004194        0x0 /opt/devkitpro/devkitPPC/bin/../lib/gcc/powerpc-eabi/10.2.0/crtbegin.o
 .rela.text.GX_SetGPFifo
                0x0000000080004194        0x0 /opt/devkitpro/devkitPPC/bin/../lib/gcc/powerpc-eabi/10.2.0/crtbegin.o
 .rela.text.GX_Flush
                0x0000000080004194        0x0 /opt/devkitpro/devkitPPC/bin/../lib/gcc/powerpc-eabi/10.2.0/crtbegin.o
 .rela.text.GX_AbortFrame
                0x0000000080004194        0x0 /opt/devkitpro/devkitPPC/bin/../lib/gcc/powerpc-eabi/10.2.0/crtbegin.o
 .rela.text.__gx_onreset
                0x0000000080004194        0x0 /opt/devkitpro/devkitPPC/bin/../lib/gcc/powerpc-eabi/10.2.0/crtbegin.o
 .rela.text.GX_SetDispCopyGamma
                0x0000000080004194        0x0 /opt/devkitpro/devkitPPC/bin/../lib/gcc/powerpc-eabi/10.2.0/crtbegin.o
 .rela.text.GX_SetDispCopyYScale
                0x0000000080004194        0x0 /opt/devkitpro/devkitPPC/bin/../lib/gcc/powerpc-eabi/10.2.0/crtbegin.o
 .rela.text.GX_SetDispCopyDst
                0x0000000080004194        0x0 /opt/devkitpro/devkitPPC/bin/../lib/gcc/powerpc-eabi/10.2.0/crtbegin.o
 .rela.text.GX_SetDispCopySrc
                0x0000000080004194        0x0 /opt/devkitpro/devkitPPC/bin/../lib/gcc/powerpc-eabi/10.2.0/crtbegin.o
 .rela.text.GX_SetZMode
                0x0000000080004194        0x0 /opt/devkitpro/devkitPPC/bin/../lib/gcc/powerpc-eabi/10.2.0/crtbegin.o
 .rela.text.GX_InvalidateTexAll
                0x0000000080004194        0x0 /opt/devkitpro/devkitPPC/bin/../lib/gcc/powerpc-eabi/10.2.0/crtbegin.o
 .rela.text.GX_SetBlendMode
                0x0000000080004194        0x0 /opt/devkitpro/devkitPPC/bin/../lib/gcc/powerpc-eabi/10.2.0/crtbegin.o
 .rela.text.GX_SetTevColorIn
                0x0000000080004194        0x0 /opt/devkitpro/devkitPPC/bin/../lib/gcc/powerpc-eabi/10.2.0/crtbegin.o
 .rela.text.GX_SetTevAlphaIn
                0x0000000080004194        0x0 /opt/devkitpro/devkitPPC/bin/../lib/gcc/powerpc-eabi/10.2.0/crtbegin.o
 .rela.text.GX_SetTevColorOp
                0x0000000080004194        0x0 /opt/devkitpro/devkitPPC/bin/../lib/gcc/powerpc-eabi/10.2.0/crtbegin.o
 .rela.text.GX_SetTevAlphaOp
                0x0000000080004194        0x0 /opt/devkitpro/devkitPPC/bin/../lib/gcc/powerpc-eabi/10.2.0/crtbegin.o
 .rela.text.GX_SetCullMode
                0x0000000080004194        0x0 /opt/devkitpro/devkitPPC/bin/../lib/gcc/powerpc-eabi/10.2.0/crtbegin.o
 .rela.text.GX_SetScissor
                0x0000000080004194        0x0 /opt/devkitpro/devkitPPC/bin/../lib/gcc/powerpc-eabi/10.2.0/crtbegin.o
 .rela.text.GX_SetTevOrder
                0x0000000080004194        0x0 /opt/devkitpro/devkitPPC/bin/../lib/gcc/powerpc-eabi/10.2.0/crtbegin.o
 .rela.text.GX_SetTevKColorSel
                0x0000000080004194        0x0 /opt/devkitpro/devkitPPC/bin/../lib/gcc/powerpc-eabi/10.2.0/crtbegin.o
 .rela.text.GX_SetTevKAlphaSel
                0x0000000080004194        0x0 /opt/devkitpro/devkitPPC/bin/../lib/gcc/powerpc-eabi/10.2.0/crtbegin.o
 .rela.text.GX_SetTevSwapModeTable
                0x0000000080004194        0x0 /opt/devkitpro/devkitPPC/bin/../lib/gcc/powerpc-eabi/10.2.0/crtbegin.o
 .rela.text.GX_SetColorUpdate
                0x0000000080004194        0x0 /opt/devkitpro/devkitPPC/bin/../lib/gcc/powerpc-eabi/10.2.0/crtbegin.o
 .rela.text.GX_SetAlphaUpdate
                0x0000000080004194        0x0 /opt/devkitpro/devkitPPC/bin/../lib/gcc/powerpc-eabi/10.2.0/crtbegin.o
 .rela.text.GX_SetPixelFmt
                0x0000000080004194        0x0 /opt/devkitpro/devkitPPC/bin/../lib/gcc/powerpc-eabi/10.2.0/crtbegin.o
 .rela.text.GX_SetFieldMode
                0x0000000080004194        0x0 /opt/devkitpro/devkitPPC/bin/../lib/gcc/powerpc-eabi/10.2.0/crtbegin.o
 .rela.text.GX_SetGPMetric
                0x0000000080004194        0x0 /opt/devkitpro/devkitPPC/bin/../lib/gcc/powerpc-eabi/10.2.0/crtbegin.o
 .rela.text.GX_Init
                0x0000000080004194        0x0 /opt/devkitpro/devkitPPC/bin/../lib/gcc/powerpc-eabi/10.2.0/crtbegin.o
 .rela.text.__CheckARGV
                0x0000000080004194        0x0 /opt/devkitpro/devkitPPC/bin/../lib/gcc/powerpc-eabi/10.2.0/crtbegin.o

.rel.fini
 *(.rel.fini)

.rela.fini
 *(.rela.fini)

.rel.rodata
 *(.rel.rodata .rel.rodata.* .rel.gnu.linkonce.r.*)

.rela.rodata
 *(.rela.rodata .rela.rodata.* .rela.gnu.linkonce.r.*)

.rel.data
 *(.rel.data .rel.data.* .rel.gnu.linkonce.d.*)

.rela.data
 *(.rela.data .rela.data.* .rela.gnu.linkonce.d.*)

.rel.tdata
 *(.rel.tdata .rel.tdata.* .rel.gnu.linkonce.td.*)

.rela.tdata
 *(.rela.tdata .rela.tdata.* .rela.gnu.linkonce.td.*)

.rel.tbss
 *(.rel.tbss .rel.tbss.* .rel.gnu.linkonce.tb.*)

.rela.tbss
 *(.rela.tbss .rela.tbss.* .rela.gnu.linkonce.tb.*)

.rel.ctors
 *(.rel.ctors)

.rela.ctors
 *(.rela.ctors)

.rel.dtors
 *(.rel.dtors)

.rela.dtors
 *(.rela.dtors)

.rel.got
 *(.rel.got)

.rela.got
 *(.rela.got)

.rela.got1
 *(.rela.got1)

.rela.got2
 *(.rela.got2)

.rel.sdata
 *(.rel.sdata .rel.sdata.* .rel.gnu.linkonce.s.*)

.rela.sdata
 *(.rela.sdata .rela.sdata.* .rela.gnu.linkonce.s.*)

.rel.sbss
 *(.rel.sbss .rel.sbss.* .rel.gnu.linkonce.sb.*)

.rela.sbss
 *(.rela.sbss .rela.sbss.* .rel.gnu.linkonce.sb.*)

.rel.sdata2
 *(.rel.sdata2 .rel.sdata2.* .rel.gnu.linkonce.s2.*)

.rela.sdata2    0x0000000080004194        0x0
 *(.rela.sdata2 .rela.sdata2.* .rela.gnu.linkonce.s2.*)
 .rela.sdata2.__sys_inIPL
                0x0000000080004194        0x0 /opt/devkitpro/devkitPPC/bin/../lib/gcc/powerpc-eabi/10.2.0/crtbegin.o

.rel.sbss2
 *(.rel.sbss2 .rel.sbss2.* .rel.gnu.linkonce.sb2.*)

.rela.sbss2
 *(.rela.sbss2 .rela.sbss2.* .rela.gnu.linkonce.sb2.*)

.rel.bss
 *(.rel.bss .rel.bss.* .rel.gnu.linkonce.b.*)

.rela.bss
 *(.rela.bss .rela.bss.* .rela.gnu.linkonce.b.*)

.rel.plt
 *(.rel.plt)

.rela.plt
 *(.rela.plt)

.text           0x00000000800041a0    0x4f520
 *(.text)
 .text          0x00000000800041a0      0x44c /opt/devkitpro/libogc/lib/wii/libogc.a(lwp_handler.o)
                0x00000000800041a0                _cpu_context_save_fp
                0x00000000800042e0                _cpu_context_restore_fp
                0x0000000080004420                _cpu_context_switch
                0x0000000080004500                _cpu_context_save
                0x0000000080004580                _cpu_context_restore
 .text          0x00000000800045ec      0x4f4 /opt/devkitpro/libogc/lib/wii/libogc.a(cache_asm.o)
                0x00000000800045ec                DCFlashInvalidate
                0x0000000080004600                DCEnable
                0x0000000080004614                DCDisable
                0x0000000080004628                DCFreeze
                0x000000008000463c                DCUnfreeze
                0x0000000080004650                DCTouchLoad
                0x0000000080004658                DCBlockZero
                0x0000000080004660                DCBlockStore
                0x0000000080004668                DCBlockFlush
                0x0000000080004670                DCBlockInvalidate
                0x0000000080004678                DCInvalidateRange
                0x00000000800046a8                DCFlushRange
                0x00000000800046dc                DCStoreRange
                0x0000000080004710                DCFlushRangeNoSync
                0x0000000080004740                DCStoreRangeNoSync
                0x0000000080004770                DCZeroRange
                0x00000000800047a0                DCTouchRange
                0x00000000800047d0                ICInvalidateRange
                0x0000000080004808                ICFlashInvalidate
                0x000000008000481c                ICEnable
                0x0000000080004830                ICDisable
                0x0000000080004844                ICFreeze
                0x0000000080004858                ICUnfreeze
                0x000000008000486c                ICBlockInvalidate
                0x0000000080004874                ICSync
                0x000000008000487c                L2Init
                0x00000000800048c4                L2Enable
                0x00000000800048e0                L2Disable
                0x00000000800048f8                L2GlobalInvalidate
                0x0000000080004950                __LCEnable
                0x0000000080004a1c                LCDisable
                0x0000000080004a44                LCAllocOneTag
                0x0000000080004a58                LCAllocTags
                0x0000000080004a98                LCLoadBlocks
                0x0000000080004abc                LCStoreBlocks
 .text          0x0000000080004ae0      0x4a0 /opt/devkitpro/libogc/lib/wii/libogc.a(system_asm.o)
                0x0000000080004ae0                __realmode
                0x0000000080004af8                __configBATS
                0x0000000080004c28                __InitFPRS
                0x0000000080004d54                __InitPS
                0x0000000080004db0                __InitCache
                0x0000000080004e08                __InitSystem
                0x0000000080004e90                __flush_cache
                0x0000000080004ec4                __reset
                0x0000000080004f34                __InitBATS
                0x0000000080004f50                SYS_SwitchFiber
 .text          0x0000000080004f80      0x1ac /opt/devkitpro/libogc/lib/wii/libogc.a(irq_handler.o)
                0x0000000080004f80                irq_exceptionhandler
 .text          0x000000008000512c      0x118 /opt/devkitpro/libogc/lib/wii/libogc.a(video_asm.o)
                0x000000008000512c                __VIClearFramebuffer
 .text          0x0000000080005244      0x1ac /opt/devkitpro/libogc/lib/wii/libogc.a(decrementer_handler.o)
                0x0000000080005244                dec_exceptionhandler
 .text          0x00000000800053f0      0x35c /opt/devkitpro/libogc/lib/wii/libogc.a(exception_handler.o)
                0x00000000800053f0                exceptionhandler_start
                0x000000008000546c                exceptionhandler_patch
                0x00000000800054a0                exceptionhandler_end
                0x00000000800054a4                default_exceptionhandler
                0x00000000800055d4                fpu_exceptionhandler
                0x000000008000571c                systemcallhandler_start
                0x0000000080005748                systemcallhandler_end
 .text          0x000000008000574c       0x48 /opt/devkitpro/devkitPPC/bin/../lib/gcc/powerpc-eabi/10.2.0/libgcc.a(eabi.o)
                0x000000008000574c                __eabi
 .text          0x0000000080005794       0x58 /opt/devkitpro/devkitPPC/bin/../lib/gcc/powerpc-eabi/10.2.0/libgcc.a(crtresxgpr.o)
                0x0000000080005794                _restgpr_14_x
                0x0000000080005798                _restgpr_15_x
                0x000000008000579c                _restgpr_16_x
                0x00000000800057a0                _restgpr_17_x
                0x00000000800057a4                _restgpr_18_x
                0x00000000800057a8                _restgpr_19_x
                0x00000000800057ac                _restgpr_20_x
                0x00000000800057b0                _restgpr_21_x
                0x00000000800057b4                _restgpr_22_x
                0x00000000800057b8                _restgpr_23_x
                0x00000000800057bc                _restgpr_24_x
                0x00000000800057c0                _restgpr_25_x
                0x00000000800057c4                _restgpr_26_x
                0x00000000800057c8                _restgpr_27_x
                0x00000000800057cc                _restgpr_28_x
                0x00000000800057d0                _restgpr_29_x
                0x00000000800057d4                _restgpr_30_x
                0x00000000800057d8                _restgpr_31_x
 *(.text.*)
 .text.deregister_tm_clones
                0x00000000800057ec       0x30 /opt/devkitpro/devkitPPC/bin/../lib/gcc/powerpc-eabi/10.2.0/crtbegin.o
 .text.register_tm_clones
                0x000000008000581c       0x3c /opt/devkitpro/devkitPPC/bin/../lib/gcc/powerpc-eabi/10.2.0/crtbegin.o
 .text.__do_global_dtors_aux
                0x0000000080005858       0xd0 /opt/devkitpro/devkitPPC/bin/../lib/gcc/powerpc-eabi/10.2.0/crtbegin.o
 .text.frame_dummy
                0x0000000080005928       0x44 /opt/devkitpro/devkitPPC/bin/../lib/gcc/powerpc-eabi/10.2.0/crtbegin.o
 .text.__crtmain
                0x000000008000596c       0x44 /opt/devkitpro/devkitPPC/bin/../lib/gcc/powerpc-eabi/10.2.0/../../../../powerpc-eabi/lib/crtmain.o
                0x0000000080005970                __crtmain
 .text.ShutdownCB
                0x00000000800059b0       0x18 /opt/devkitpro/portlibs/wii/lib/libSDLmain.a(SDL_wii_main.o)
 .text.ResetCB  0x00000000800059c8       0x18 /opt/devkitpro/portlibs/wii/lib/libSDLmain.a(SDL_wii_main.o)
 .text.startup.main
                0x00000000800059e0       0xcc /opt/devkitpro/portlibs/wii/lib/libSDLmain.a(SDL_wii_main.o)
                0x00000000800059e0                main
 .text.SetupGX  0x0000000080005aac      0x1e8 /opt/devkitpro/portlibs/wii/lib/libSDL.a(SDL_ogc_video.o)
 .text.OGC_InitVideoSystem
                0x0000000080005c94       0xf4 /opt/devkitpro/portlibs/wii/lib/libSDL.a(SDL_ogc_video.o)
                0x0000000080005c94                OGC_InitVideoSystem
 .text.__wpad_assign_slot
                0x0000000080005d88      0x394 /opt/devkitpro/libogc/lib/wii/libwiiuse.a(wpad.o)
                0x0000000080005d88                __wpad_assign_slot
 .text.__wpad_def_powcb
                0x000000008000611c        0x4 /opt/devkitpro/libogc/lib/wii/libwiiuse.a(wpad.o)
 .text.__readlinkkey_finished
                0x0000000080006120       0x34 /opt/devkitpro/libogc/lib/wii/libwiiuse.a(wpad.o)
 .text.__wpad_patch_finished
                0x0000000080006154       0x2c /opt/devkitpro/libogc/lib/wii/libwiiuse.a(wpad.o)
 .text.__wpad_setfmt
                0x0000000080006180      0x158 /opt/devkitpro/libogc/lib/wii/libwiiuse.a(wpad.o)
 .text.__wpad_eventCB
                0x00000000800062d8      0xc10 /opt/devkitpro/libogc/lib/wii/libwiiuse.a(wpad.o)
 .text.__wpad_disconnectCB
                0x0000000080006ee8      0x47c /opt/devkitpro/libogc/lib/wii/libwiiuse.a(wpad.o)
                0x0000000080006ee8                __wpad_disconnectCB
 .text.__wpad_timeouthandler
                0x0000000080007364      0x1d0 /opt/devkitpro/libogc/lib/wii/libwiiuse.a(wpad.o)
 .text.__initcore_finished
                0x0000000080007534       0x48 /opt/devkitpro/libogc/lib/wii/libwiiuse.a(wpad.o)
 .text.__wpad_init_finished
                0x000000008000757c      0x18c /opt/devkitpro/libogc/lib/wii/libwiiuse.a(wpad.o)
 .text.WPAD_SetDataFormat
                0x0000000080007708      0x1a8 /opt/devkitpro/libogc/lib/wii/libwiiuse.a(wpad.o)
                0x0000000080007708                WPAD_SetDataFormat
 .text.WPAD_SetVRes
                0x00000000800078b0      0x158 /opt/devkitpro/libogc/lib/wii/libwiiuse.a(wpad.o)
                0x00000000800078b0                WPAD_SetVRes
 .text.WPAD_SetPowerButtonCallback
                0x0000000080007a08       0x68 /opt/devkitpro/libogc/lib/wii/libwiiuse.a(wpad.o)
                0x0000000080007a08                WPAD_SetPowerButtonCallback
 .text.WPAD_Shutdown
                0x0000000080007a70      0x108 /opt/devkitpro/libogc/lib/wii/libwiiuse.a(wpad.o)
                0x0000000080007a70                WPAD_Shutdown
 .text.WPAD_Init
                0x0000000080007b78      0x2c4 /opt/devkitpro/libogc/lib/wii/libwiiuse.a(wpad.o)
                0x0000000080007b78                WPAD_Init
 .text.__wpad_onreset
                0x0000000080007e3c       0x34 /opt/devkitpro/libogc/lib/wii/libwiiuse.a(wpad.o)
 .text.motion_plus_disconnected
                0x0000000080007e70       0x10 /opt/devkitpro/libogc/lib/wii/libwiiuse.a(motion_plus.o)
                0x0000000080007e70                motion_plus_disconnected
 .text.motion_plus_event
                0x0000000080007e80       0x64 /opt/devkitpro/libogc/lib/wii/libwiiuse.a(motion_plus.o)
                0x0000000080007e80                motion_plus_event
 .text.wiiuse_handshake
                0x0000000080007ee4      0x26c /opt/devkitpro/libogc/lib/wii/libwiiuse.a(io.o)
                0x0000000080007ee4                wiiuse_handshake
 .text.wiiuse_handshake_expansion
                0x0000000080008150      0x1fc /opt/devkitpro/libogc/lib/wii/libwiiuse.a(io.o)
                0x0000000080008150                wiiuse_handshake_expansion
 .text.wiiuse_handshake_expansion_start
                0x000000008000834c       0x5c /opt/devkitpro/libogc/lib/wii/libwiiuse.a(io.o)
                0x000000008000834c                wiiuse_handshake_expansion_start
 .text.wiiuse_disable_expansion
                0x00000000800083a8      0x1b0 /opt/devkitpro/libogc/lib/wii/libwiiuse.a(io.o)
                0x00000000800083a8                wiiuse_disable_expansion
 .text.__wiiuse_connected
                0x0000000080008558       0x9c /opt/devkitpro/libogc/lib/wii/libwiiuse.a(io_wii.o)
 .text.__wiiuse_disconnected
                0x00000000800085f4       0xb4 /opt/devkitpro/libogc/lib/wii/libwiiuse.a(io_wii.o)
 .text.__wiiuse_receive
                0x00000000800086a8       0xd0 /opt/devkitpro/libogc/lib/wii/libwiiuse.a(io_wii.o)
 .text.__wiiuse_sensorbar_enable
                0x0000000080008778       0x54 /opt/devkitpro/libogc/lib/wii/libwiiuse.a(io_wii.o)
                0x0000000080008778                __wiiuse_sensorbar_enable
 .text.wiiuse_register
                0x00000000800087cc       0xf0 /opt/devkitpro/libogc/lib/wii/libwiiuse.a(io_wii.o)
                0x00000000800087cc                wiiuse_register
 .text.wiiuse_disconnect
                0x00000000800088bc       0x24 /opt/devkitpro/libogc/lib/wii/libwiiuse.a(io_wii.o)
                0x00000000800088bc                wiiuse_disconnect
 .text.wiiuse_init_cmd_queue
                0x00000000800088e0       0x9c /opt/devkitpro/libogc/lib/wii/libwiiuse.a(io_wii.o)
                0x00000000800088e0                wiiuse_init_cmd_queue
 .text.wiiuse_io_write
                0x000000008000897c       0x1c /opt/devkitpro/libogc/lib/wii/libwiiuse.a(io_wii.o)
                0x000000008000897c                wiiuse_io_write
 .text.get_ir_sens.constprop.0.isra.0
                0x0000000080008998       0xe4 /opt/devkitpro/libogc/lib/wii/libwiiuse.a(ir.o)
 .text.wiiuse_set_ir_mode
                0x0000000080008a7c       0x88 /opt/devkitpro/libogc/lib/wii/libwiiuse.a(ir.o)
                0x0000000080008a7c                wiiuse_set_ir_mode
 .text.wiiuse_set_ir
                0x0000000080008b04      0x1f8 /opt/devkitpro/libogc/lib/wii/libwiiuse.a(ir.o)
                0x0000000080008b04                wiiuse_set_ir
 .text.wiiuse_set_ir_vres
                0x0000000080008cfc       0x1c /opt/devkitpro/libogc/lib/wii/libwiiuse.a(ir.o)
                0x0000000080008cfc                wiiuse_set_ir_vres
 .text.wiiuse_set_ir_position
                0x0000000080008d18       0x80 /opt/devkitpro/libogc/lib/wii/libwiiuse.a(ir.o)
                0x0000000080008d18                wiiuse_set_ir_position
 .text.wiiuse_set_aspect_ratio
                0x0000000080008d98       0xac /opt/devkitpro/libogc/lib/wii/libwiiuse.a(ir.o)
                0x0000000080008d98                wiiuse_set_aspect_ratio
 .text.wiiuse_set_ir_sensitivity
                0x0000000080008e44      0x108 /opt/devkitpro/libogc/lib/wii/libwiiuse.a(ir.o)
                0x0000000080008e44                wiiuse_set_ir_sensitivity
 .text.calculate_basic_ir
                0x0000000080008f4c      0x150 /opt/devkitpro/libogc/lib/wii/libwiiuse.a(ir.o)
                0x0000000080008f4c                calculate_basic_ir
 .text.calculate_extended_ir
                0x000000008000909c      0x124 /opt/devkitpro/libogc/lib/wii/libwiiuse.a(ir.o)
                0x000000008000909c                calculate_extended_ir
 .text.nunchuk_handshake
                0x00000000800091c0      0x2d0 /opt/devkitpro/libogc/lib/wii/libwiiuse.a(nunchuk.o)
                0x00000000800091c0                nunchuk_handshake
 .text.nunchuk_disconnected
                0x0000000080009490        0xc /opt/devkitpro/libogc/lib/wii/libwiiuse.a(nunchuk.o)
                0x0000000080009490                nunchuk_disconnected
 .text.nunchuk_event
                0x000000008000949c       0xe0 /opt/devkitpro/libogc/lib/wii/libwiiuse.a(nunchuk.o)
                0x000000008000949c                nunchuk_event
 .text.wii_board_handshake
                0x000000008000957c      0x284 /opt/devkitpro/libogc/lib/wii/libwiiuse.a(wiiboard.o)
                0x000000008000957c                wii_board_handshake
 .text.wii_board_disconnected
                0x0000000080009800        0xc /opt/devkitpro/libogc/lib/wii/libwiiuse.a(wiiboard.o)
                0x0000000080009800                wii_board_disconnected
 .text.wii_board_event
                0x000000008000980c       0x24 /opt/devkitpro/libogc/lib/wii/libwiiuse.a(wiiboard.o)
                0x000000008000980c                wii_board_event
 .text.wiiuse_send_next_command
                0x0000000080009830       0x58 /opt/devkitpro/libogc/lib/wii/libwiiuse.a(wiiuse.o)
                0x0000000080009830                wiiuse_send_next_command
 .text.wiiuse_init
                0x0000000080009888      0x210 /opt/devkitpro/libogc/lib/wii/libwiiuse.a(wiiuse.o)
                0x0000000080009888                wiiuse_init
 .text.wiiuse_set_flags
                0x0000000080009a98       0x28 /opt/devkitpro/libogc/lib/wii/libwiiuse.a(wiiuse.o)
                0x0000000080009a98                wiiuse_set_flags
 .text.wiiuse_read_data
                0x0000000080009ac0      0x128 /opt/devkitpro/libogc/lib/wii/libwiiuse.a(wiiuse.o)
                0x0000000080009ac0                wiiuse_read_data
 .text.wiiuse_write_data
                0x0000000080009be8      0x164 /opt/devkitpro/libogc/lib/wii/libwiiuse.a(wiiuse.o)
                0x0000000080009be8                wiiuse_write_data
 .text.wiiuse_sendcmd
                0x0000000080009d4c      0x170 /opt/devkitpro/libogc/lib/wii/libwiiuse.a(wiiuse.o)
                0x0000000080009d4c                wiiuse_sendcmd
 .text.wiiuse_set_leds
                0x0000000080009ebc       0x50 /opt/devkitpro/libogc/lib/wii/libwiiuse.a(wiiuse.o)
                0x0000000080009ebc                wiiuse_set_leds
 .text.wiiuse_set_report_type
                0x0000000080009f0c      0x13c /opt/devkitpro/libogc/lib/wii/libwiiuse.a(wiiuse.o)
                0x0000000080009f0c                wiiuse_set_report_type
 .text.wiiuse_status
                0x000000008000a048       0x4c /opt/devkitpro/libogc/lib/wii/libwiiuse.a(wiiuse.o)
                0x000000008000a048                wiiuse_status
 .text.wiiuse_motion_sensing
                0x000000008000a094       0x84 /opt/devkitpro/libogc/lib/wii/libwiiuse.a(wiiuse.o)
                0x000000008000a094                wiiuse_motion_sensing
 .text.wiiuse_set_speaker
                0x000000008000a118      0x240 /opt/devkitpro/libogc/lib/wii/libwiiuse.a(speaker.o)
                0x000000008000a118                wiiuse_set_speaker
 .text.classic_ctrl_handshake
                0x000000008000a358      0x2f8 /opt/devkitpro/libogc/lib/wii/libwiiuse.a(classic.o)
                0x000000008000a358                classic_ctrl_handshake
 .text.classic_ctrl_disconnected
                0x000000008000a650        0xc /opt/devkitpro/libogc/lib/wii/libwiiuse.a(classic.o)
                0x000000008000a650                classic_ctrl_disconnected
 .text.classic_ctrl_event
                0x000000008000a65c      0x168 /opt/devkitpro/libogc/lib/wii/libwiiuse.a(classic.o)
                0x000000008000a65c                classic_ctrl_event
 .text.handle_expansion
                0x000000008000a7c4       0x54 /opt/devkitpro/libogc/lib/wii/libwiiuse.a(events.o)
 .text.parse_event
                0x000000008000a818      0x748 /opt/devkitpro/libogc/lib/wii/libwiiuse.a(events.o)
                0x000000008000a818                parse_event
 .text.guitar_hero_3_handshake
                0x000000008000af60       0x5c /opt/devkitpro/libogc/lib/wii/libwiiuse.a(guitar_hero_3.o)
                0x000000008000af60                guitar_hero_3_handshake
 .text.guitar_hero_3_disconnected
                0x000000008000afbc        0xc /opt/devkitpro/libogc/lib/wii/libwiiuse.a(guitar_hero_3.o)
                0x000000008000afbc                guitar_hero_3_disconnected
 .text.guitar_hero_3_event
                0x000000008000afc8       0x6c /opt/devkitpro/libogc/lib/wii/libwiiuse.a(guitar_hero_3.o)
                0x000000008000afc8                guitar_hero_3_event
 .text.acl_wlp_completed
                0x000000008000b034        0x8 /opt/devkitpro/libogc/lib/wii/libbte.a(bte.o)
                0x000000008000b034                acl_wlp_completed
 .text.bt_alarmhandler
                0x000000008000b03c       0x60 /opt/devkitpro/libogc/lib/wii/libbte.a(bte.o)
 .text.__bte_send_pending_request
                0x000000008000b09c      0x108 /opt/devkitpro/libogc/lib/wii/libbte.a(bte.o)
 .text.acl_conn_complete
                0x000000008000b1a4       0x2c /opt/devkitpro/libogc/lib/wii/libbte.a(bte.o)
                0x000000008000b1a4                acl_conn_complete
 .text.l2cap_disconnect_cfm
                0x000000008000b1d0      0x19c /opt/devkitpro/libogc/lib/wii/libbte.a(bte.o)
                0x000000008000b1d0                l2cap_disconnect_cfm
 .text.l2cap_accepted
                0x000000008000b36c      0x128 /opt/devkitpro/libogc/lib/wii/libbte.a(bte.o)
                0x000000008000b36c                l2cap_accepted
 .text.bte_process_input
                0x000000008000b494      0x148 /opt/devkitpro/libogc/lib/wii/libbte.a(bte.o)
 .text.l2cap_disconnected_ind
                0x000000008000b5dc      0x1a4 /opt/devkitpro/libogc/lib/wii/libbte.a(bte.o)
                0x000000008000b5dc                l2cap_disconnected_ind
 .text.__bte_shutdown_finished
                0x000000008000b780       0xd0 /opt/devkitpro/libogc/lib/wii/libbte.a(bte.o)
 .text.bte_hci_apply_patch_complete
                0x000000008000b850      0x160 /opt/devkitpro/libogc/lib/wii/libbte.a(bte.o)
                0x000000008000b850                bte_hci_apply_patch_complete
 .text.bte_hci_patch_complete
                0x000000008000b9b0      0x380 /opt/devkitpro/libogc/lib/wii/libbte.a(bte.o)
                0x000000008000b9b0                bte_hci_patch_complete
 .text.bte_hci_initcore_complete
                0x000000008000bd30      0x294 /opt/devkitpro/libogc/lib/wii/libbte.a(bte.o)
                0x000000008000bd30                bte_hci_initcore_complete
 .text.bte_read_stored_link_key_complete
                0x000000008000bfc4      0x26c /opt/devkitpro/libogc/lib/wii/libbte.a(bte.o)
                0x000000008000bfc4                bte_read_stored_link_key_complete
 .text.bte_hci_initcore_complete2
                0x000000008000c230      0x24c /opt/devkitpro/libogc/lib/wii/libbte.a(bte.o)
 .text.bte_hci_initsub_complete
                0x000000008000c47c      0x2c0 /opt/devkitpro/libogc/lib/wii/libbte.a(bte.o)
                0x000000008000c47c                bte_hci_initsub_complete
 .text.BTE_Init
                0x000000008000c73c      0x138 /opt/devkitpro/libogc/lib/wii/libbte.a(bte.o)
                0x000000008000c73c                BTE_Init
 .text.BTE_Shutdown
                0x000000008000c874      0x100 /opt/devkitpro/libogc/lib/wii/libbte.a(bte.o)
                0x000000008000c874                BTE_Shutdown
 .text.BTE_InitCore
                0x000000008000c974       0x8c /opt/devkitpro/libogc/lib/wii/libbte.a(bte.o)
                0x000000008000c974                BTE_InitCore
 .text.BTE_ApplyPatch
                0x000000008000ca00       0xa4 /opt/devkitpro/libogc/lib/wii/libbte.a(bte.o)
                0x000000008000ca00                BTE_ApplyPatch
 .text.BTE_InitSub
                0x000000008000caa4       0x90 /opt/devkitpro/libogc/lib/wii/libbte.a(bte.o)
                0x000000008000caa4                BTE_InitSub
 .text.BTE_ReadStoredLinkKey
                0x000000008000cb34       0x90 /opt/devkitpro/libogc/lib/wii/libbte.a(bte.o)
                0x000000008000cb34                BTE_ReadStoredLinkKey
 .text.BTE_SetDisconnectCallback
                0x000000008000cbc4        0x4 /opt/devkitpro/libogc/lib/wii/libbte.a(bte.o)
                0x000000008000cbc4                BTE_SetDisconnectCallback
 .text.bte_new  0x000000008000cbc8       0x54 /opt/devkitpro/libogc/lib/wii/libbte.a(bte.o)
                0x000000008000cbc8                bte_new
 .text.bte_registerdeviceasync
                0x000000008000cc1c      0x158 /opt/devkitpro/libogc/lib/wii/libbte.a(bte.o)
                0x000000008000cc1c                bte_registerdeviceasync
 .text.bte_disconnect
                0x000000008000cd74       0xd8 /opt/devkitpro/libogc/lib/wii/libbte.a(bte.o)
                0x000000008000cd74                bte_disconnect
 .text.bte_senddata
                0x000000008000ce4c      0x100 /opt/devkitpro/libogc/lib/wii/libbte.a(bte.o)
                0x000000008000ce4c                bte_senddata
 .text.bte_arg  0x000000008000cf4c       0x38 /opt/devkitpro/libogc/lib/wii/libbte.a(bte.o)
                0x000000008000cf4c                bte_arg
 .text.bte_received
                0x000000008000cf84       0x38 /opt/devkitpro/libogc/lib/wii/libbte.a(bte.o)
                0x000000008000cf84                bte_received
 .text.bte_disconnected
                0x000000008000cfbc       0x38 /opt/devkitpro/libogc/lib/wii/libbte.a(bte.o)
                0x000000008000cfbc                bte_disconnected
 .text.hci_get_link
                0x000000008000cff4       0x84 /opt/devkitpro/libogc/lib/wii/libbte.a(hci.o)
 .text.hci_init
                0x000000008000d078       0x7c /opt/devkitpro/libogc/lib/wii/libbte.a(hci.o)
                0x000000008000d078                hci_init
 .text.hci_close
                0x000000008000d0f4       0xd0 /opt/devkitpro/libogc/lib/wii/libbte.a(hci.o)
                0x000000008000d0f4                hci_close
 .text.hci_reset_all
                0x000000008000d1c4       0xb8 /opt/devkitpro/libogc/lib/wii/libbte.a(hci.o)
                0x000000008000d1c4                hci_reset_all
 .text.hci_arg  0x000000008000d27c        0xc /opt/devkitpro/libogc/lib/wii/libbte.a(hci.o)
                0x000000008000d27c                hci_arg
 .text.hci_cmd_complete
                0x000000008000d288        0xc /opt/devkitpro/libogc/lib/wii/libbte.a(hci.o)
                0x000000008000d288                hci_cmd_complete
 .text.hci_connection_complete
                0x000000008000d294        0xc /opt/devkitpro/libogc/lib/wii/libbte.a(hci.o)
                0x000000008000d294                hci_connection_complete
 .text.hci_wlp_complete
                0x000000008000d2a0        0xc /opt/devkitpro/libogc/lib/wii/libbte.a(hci.o)
                0x000000008000d2a0                hci_wlp_complete
 .text.hci_reset
                0x000000008000d2ac       0xa8 /opt/devkitpro/libogc/lib/wii/libbte.a(hci.o)
                0x000000008000d2ac                hci_reset
 .text.hci_read_buffer_size
                0x000000008000d354       0xa8 /opt/devkitpro/libogc/lib/wii/libbte.a(hci.o)
                0x000000008000d354                hci_read_buffer_size
 .text.hci_read_bd_addr
                0x000000008000d3fc       0xa8 /opt/devkitpro/libogc/lib/wii/libbte.a(hci.o)
                0x000000008000d3fc                hci_read_bd_addr
 .text.hci_read_local_version
                0x000000008000d4a4       0xa4 /opt/devkitpro/libogc/lib/wii/libbte.a(hci.o)
                0x000000008000d4a4                hci_read_local_version
 .text.hci_read_local_features
                0x000000008000d548       0xa8 /opt/devkitpro/libogc/lib/wii/libbte.a(hci.o)
                0x000000008000d548                hci_read_local_features
 .text.hci_read_stored_link_key
                0x000000008000d5f0       0xfc /opt/devkitpro/libogc/lib/wii/libbte.a(hci.o)
                0x000000008000d5f0                hci_read_stored_link_key
 .text.hci_write_page_timeout
                0x000000008000d6ec       0xcc /opt/devkitpro/libogc/lib/wii/libbte.a(hci.o)
                0x000000008000d6ec                hci_write_page_timeout
 .text.hci_write_scan_enable
                0x000000008000d7b8       0xb8 /opt/devkitpro/libogc/lib/wii/libbte.a(hci.o)
                0x000000008000d7b8                hci_write_scan_enable
 .text.hci_accecpt_conn_request
                0x000000008000d870       0xdc /opt/devkitpro/libogc/lib/wii/libbte.a(hci.o)
                0x000000008000d870                hci_accecpt_conn_request
 .text.hci_write_local_name
                0x000000008000d94c       0xd4 /opt/devkitpro/libogc/lib/wii/libbte.a(hci.o)
                0x000000008000d94c                hci_write_local_name
 .text.hci_write_pin_type
                0x000000008000da20       0xb8 /opt/devkitpro/libogc/lib/wii/libbte.a(hci.o)
                0x000000008000da20                hci_write_pin_type
 .text.hci_write_inquiry_mode
                0x000000008000dad8       0xb8 /opt/devkitpro/libogc/lib/wii/libbte.a(hci.o)
                0x000000008000dad8                hci_write_inquiry_mode
 .text.hci_write_page_scan_type
                0x000000008000db90       0xb8 /opt/devkitpro/libogc/lib/wii/libbte.a(hci.o)
                0x000000008000db90                hci_write_page_scan_type
 .text.hci_write_inquiry_scan_type
                0x000000008000dc48       0xb8 /opt/devkitpro/libogc/lib/wii/libbte.a(hci.o)
                0x000000008000dc48                hci_write_inquiry_scan_type
 .text.hci_vendor_specific_command
                0x000000008000dd00       0xe4 /opt/devkitpro/libogc/lib/wii/libbte.a(hci.o)
                0x000000008000dd00                hci_vendor_specific_command
 .text.hci_write_link_policy_settings
                0x000000008000dde4      0x100 /opt/devkitpro/libogc/lib/wii/libbte.a(hci.o)
                0x000000008000dde4                hci_write_link_policy_settings
 .text.hci_pin_code_request_neg_reply
                0x000000008000dee4       0xc8 /opt/devkitpro/libogc/lib/wii/libbte.a(hci.o)
                0x000000008000dee4                hci_pin_code_request_neg_reply
 .text.hci_link_key_req_neg_reply
                0x000000008000dfac       0xc8 /opt/devkitpro/libogc/lib/wii/libbte.a(hci.o)
                0x000000008000dfac                hci_link_key_req_neg_reply
 .text.hci_disconnect
                0x000000008000e074       0xf8 /opt/devkitpro/libogc/lib/wii/libbte.a(hci.o)
                0x000000008000e074                hci_disconnect
 .text.hci_write_cod
                0x000000008000e16c       0xc8 /opt/devkitpro/libogc/lib/wii/libbte.a(hci.o)
                0x000000008000e16c                hci_write_cod
 .text.hci_host_buffer_size
                0x000000008000e234      0x108 /opt/devkitpro/libogc/lib/wii/libbte.a(hci.o)
                0x000000008000e234                hci_host_buffer_size
 .text.hci_host_num_comp_packets
                0x000000008000e33c      0x104 /opt/devkitpro/libogc/lib/wii/libbte.a(hci.o)
                0x000000008000e33c                hci_host_num_comp_packets
 .text.lp_pdu_maxsize
                0x000000008000e440        0xc /opt/devkitpro/libogc/lib/wii/libbte.a(hci.o)
                0x000000008000e440                lp_pdu_maxsize
 .text.lp_acl_write
                0x000000008000e44c      0x154 /opt/devkitpro/libogc/lib/wii/libbte.a(hci.o)
                0x000000008000e44c                lp_acl_write
 .text.lp_write_flush_timeout
                0x000000008000e5a0      0x100 /opt/devkitpro/libogc/lib/wii/libbte.a(hci.o)
                0x000000008000e5a0                lp_write_flush_timeout
 .text.hci_event_handler
                0x000000008000e6a0      0xc70 /opt/devkitpro/libogc/lib/wii/libbte.a(hci.o)
                0x000000008000e6a0                hci_event_handler
 .text.hci_acldata_handler
                0x000000008000f310      0x118 /opt/devkitpro/libogc/lib/wii/libbte.a(hci.o)
                0x000000008000f310                hci_acldata_handler
 .text.l2cap_init
                0x000000008000f428       0x60 /opt/devkitpro/libogc/lib/wii/libbte.a(l2cap.o)
                0x000000008000f428                l2cap_init
 .text.l2cap_write
                0x000000008000f488      0x1a8 /opt/devkitpro/libogc/lib/wii/libbte.a(l2cap.o)
                0x000000008000f488                l2cap_write
 .text.l2cap_new
                0x000000008000f630       0x60 /opt/devkitpro/libogc/lib/wii/libbte.a(l2cap.o)
                0x000000008000f630                l2cap_new
 .text.l2cap_close
                0x000000008000f690      0x1d4 /opt/devkitpro/libogc/lib/wii/libbte.a(l2cap.o)
                0x000000008000f690                l2cap_close
 .text.l2cap_reset_all
                0x000000008000f864      0x154 /opt/devkitpro/libogc/lib/wii/libbte.a(l2cap.o)
                0x000000008000f864                l2cap_reset_all
 .text.l2cap_signal
                0x000000008000f9b8      0x210 /opt/devkitpro/libogc/lib/wii/libbte.a(l2cap.o)
                0x000000008000f9b8                l2cap_signal
 .text.l2ca_config_req.part.0
                0x000000008000fbc8      0x120 /opt/devkitpro/libogc/lib/wii/libbte.a(l2cap.o)
 .text.l2ca_disconnect_req
                0x000000008000fce8       0xc4 /opt/devkitpro/libogc/lib/wii/libbte.a(l2cap.o)
                0x000000008000fce8                l2ca_disconnect_req
 .text.l2cap_tmr
                0x000000008000fdac      0x280 /opt/devkitpro/libogc/lib/wii/libbte.a(l2cap.o)
                0x000000008000fdac                l2cap_tmr
 .text.l2cap_process_sig
                0x000000008001002c     0x12cc /opt/devkitpro/libogc/lib/wii/libbte.a(l2cap.o)
                0x000000008001002c                l2cap_process_sig
 .text.l2cap_input
                0x00000000800112f8      0x578 /opt/devkitpro/libogc/lib/wii/libbte.a(l2cap.o)
                0x00000000800112f8                l2cap_input
 .text.l2ca_datawrite
                0x0000000080011870      0x118 /opt/devkitpro/libogc/lib/wii/libbte.a(l2cap.o)
                0x0000000080011870                l2ca_datawrite
 .text.lp_connect_cfm
                0x0000000080011988      0x184 /opt/devkitpro/libogc/lib/wii/libbte.a(l2cap.o)
                0x0000000080011988                lp_connect_cfm
 .text.lp_connect_ind
                0x0000000080011b0c        0x4 /opt/devkitpro/libogc/lib/wii/libbte.a(l2cap.o)
                0x0000000080011b0c                lp_connect_ind
 .text.lp_disconnect_ind
                0x0000000080011b10      0x12c /opt/devkitpro/libogc/lib/wii/libbte.a(l2cap.o)
                0x0000000080011b10                lp_disconnect_ind
 .text.l2cap_disconnect_bb
                0x0000000080011c3c       0x10 /opt/devkitpro/libogc/lib/wii/libbte.a(l2cap.o)
                0x0000000080011c3c                l2cap_disconnect_bb
 .text.l2cap_arg
                0x0000000080011c4c        0x8 /opt/devkitpro/libogc/lib/wii/libbte.a(l2cap.o)
                0x0000000080011c4c                l2cap_arg
 .text.l2cap_connect_ind
                0x0000000080011c54      0x100 /opt/devkitpro/libogc/lib/wii/libbte.a(l2cap.o)
                0x0000000080011c54                l2cap_connect_ind
 .text.l2cap_disconnect_ind
                0x0000000080011d54        0x8 /opt/devkitpro/libogc/lib/wii/libbte.a(l2cap.o)
                0x0000000080011d54                l2cap_disconnect_ind
 .text.l2cap_recv
                0x0000000080011d5c        0x8 /opt/devkitpro/libogc/lib/wii/libbte.a(l2cap.o)
                0x0000000080011d5c                l2cap_recv
 .text.btmemb_init
                0x0000000080011d64       0x24 /opt/devkitpro/libogc/lib/wii/libbte.a(btmemb.o)
                0x0000000080011d64                btmemb_init
 .text.btmemb_alloc
                0x0000000080011d88       0x98 /opt/devkitpro/libogc/lib/wii/libbte.a(btmemb.o)
                0x0000000080011d88                btmemb_alloc
 .text.btmemb_free
                0x0000000080011e20       0xd4 /opt/devkitpro/libogc/lib/wii/libbte.a(btmemb.o)
                0x0000000080011e20                btmemb_free
 .text.plug_holes
                0x0000000080011ef4       0xb8 /opt/devkitpro/libogc/lib/wii/libbte.a(btmemr.o)
 .text.btmemr_init
                0x0000000080011fac       0x98 /opt/devkitpro/libogc/lib/wii/libbte.a(btmemr.o)
                0x0000000080011fac                btmemr_init
 .text.btmemr_malloc
                0x0000000080012044      0x18c /opt/devkitpro/libogc/lib/wii/libbte.a(btmemr.o)
                0x0000000080012044                btmemr_malloc
 .text.btmemr_free
                0x00000000800121d0       0x98 /opt/devkitpro/libogc/lib/wii/libbte.a(btmemr.o)
                0x00000000800121d0                btmemr_free
 .text.btmemr_realloc
                0x0000000080012268      0x10c /opt/devkitpro/libogc/lib/wii/libbte.a(btmemr.o)
                0x0000000080012268                btmemr_realloc
 .text.btpbuf_init
                0x0000000080012374       0x28 /opt/devkitpro/libogc/lib/wii/libbte.a(btpbuf.o)
                0x0000000080012374                btpbuf_init
 .text.btpbuf_free
                0x000000008001239c      0x124 /opt/devkitpro/libogc/lib/wii/libbte.a(btpbuf.o)
                0x000000008001239c                btpbuf_free
 .text.btpbuf_alloc
                0x00000000800124c0      0x238 /opt/devkitpro/libogc/lib/wii/libbte.a(btpbuf.o)
                0x00000000800124c0                btpbuf_alloc
 .text.btpbuf_realloc
                0x00000000800126f8       0xec /opt/devkitpro/libogc/lib/wii/libbte.a(btpbuf.o)
                0x00000000800126f8                btpbuf_realloc
 .text.btpbuf_header
                0x00000000800127e4       0x90 /opt/devkitpro/libogc/lib/wii/libbte.a(btpbuf.o)
                0x00000000800127e4                btpbuf_header
 .text.btpbuf_ref
                0x0000000080012874       0x48 /opt/devkitpro/libogc/lib/wii/libbte.a(btpbuf.o)
                0x0000000080012874                btpbuf_ref
 .text.btpbuf_chain
                0x00000000800128bc       0x9c /opt/devkitpro/libogc/lib/wii/libbte.a(btpbuf.o)
                0x00000000800128bc                btpbuf_chain
 .text.btpbuf_dechain
                0x0000000080012958       0x7c /opt/devkitpro/libogc/lib/wii/libbte.a(btpbuf.o)
                0x0000000080012958                btpbuf_dechain
 .text.btpbuf_take
                0x00000000800129d4      0x13c /opt/devkitpro/libogc/lib/wii/libbte.a(btpbuf.o)
                0x00000000800129d4                btpbuf_take
 .text.__usb_closeCB
                0x0000000080012b10       0x10 /opt/devkitpro/libogc/lib/wii/libbte.a(physbusif.o)
 .text.__writebulkmsgCB
                0x0000000080012b20       0x3c /opt/devkitpro/libogc/lib/wii/libbte.a(physbusif.o)
 .text.__writectrlmsgCB
                0x0000000080012b5c       0x3c /opt/devkitpro/libogc/lib/wii/libbte.a(physbusif.o)
 .text.__issue_intrread.part.0
                0x0000000080012b98       0x80 /opt/devkitpro/libogc/lib/wii/libbte.a(physbusif.o)
 .text.__readintrdataCB
                0x0000000080012c18      0x150 /opt/devkitpro/libogc/lib/wii/libbte.a(physbusif.o)
 .text.__issue_bulkread.part.0
                0x0000000080012d68       0x80 /opt/devkitpro/libogc/lib/wii/libbte.a(physbusif.o)
 .text.__readbulkdataCB
                0x0000000080012de8      0x150 /opt/devkitpro/libogc/lib/wii/libbte.a(physbusif.o)
 .text.physbusif_init
                0x0000000080012f38      0x1dc /opt/devkitpro/libogc/lib/wii/libbte.a(physbusif.o)
                0x0000000080012f38                physbusif_init
 .text.physbusif_close
                0x0000000080013114       0x20 /opt/devkitpro/libogc/lib/wii/libbte.a(physbusif.o)
                0x0000000080013114                physbusif_close
 .text.physbusif_shutdown
                0x0000000080013134       0x24 /opt/devkitpro/libogc/lib/wii/libbte.a(physbusif.o)
                0x0000000080013134                physbusif_shutdown
 .text.physbusif_reset_all
                0x0000000080013158        0x4 /opt/devkitpro/libogc/lib/wii/libbte.a(physbusif.o)
                0x0000000080013158                physbusif_reset_all
 .text.physbusif_output
                0x000000008001315c      0x1e0 /opt/devkitpro/libogc/lib/wii/libbte.a(physbusif.o)
                0x000000008001315c                physbusif_output
 .text._keyboardRead
                0x000000008001333c       0xac /opt/devkitpro/libogc/lib/wii/libwiikeyboard.a(keyboard.o)
 .text._kbd_buf_thread_func
                0x00000000800133e8       0xe8 /opt/devkitpro/libogc/lib/wii/libwiikeyboard.a(keyboard.o)
 .text._kbd_thread_func
                0x00000000800134d0      0x1b8 /opt/devkitpro/libogc/lib/wii/libwiikeyboard.a(keyboard.o)
 .text._kbd_event_cb
                0x0000000080013688      0x7f0 /opt/devkitpro/libogc/lib/wii/libwiikeyboard.a(keyboard.o)
 .text.KEYBOARD_Init
                0x0000000080013e78      0x6ec /opt/devkitpro/libogc/lib/wii/libwiikeyboard.a(keyboard.o)
                0x0000000080013e78                KEYBOARD_Init
 .text.wskbd_compose_value
                0x0000000080014564      0x170 /opt/devkitpro/libogc/lib/wii/libwiikeyboard.a(wskbdutil.o)
                0x0000000080014564                wskbd_compose_value
 .text.ksym_upcase
                0x00000000800146d4       0x68 /opt/devkitpro/libogc/lib/wii/libwiikeyboard.a(wskbdutil.o)
                0x00000000800146d4                ksym_upcase
 .text.fillmapentry
                0x000000008001473c      0x118 /opt/devkitpro/libogc/lib/wii/libwiikeyboard.a(wskbdutil.o)
                0x000000008001473c                fillmapentry
 .text.wskbd_get_mapentry
                0x0000000080014854      0x1e4 /opt/devkitpro/libogc/lib/wii/libwiikeyboard.a(wskbdutil.o)
                0x0000000080014854                wskbd_get_mapentry
 .text.wskbd_init_keymap
                0x0000000080014a38       0xd4 /opt/devkitpro/libogc/lib/wii/libwiikeyboard.a(wskbdutil.o)
                0x0000000080014a38                wskbd_init_keymap
 .text.wskbd_load_keymap
                0x0000000080014b0c      0x36c /opt/devkitpro/libogc/lib/wii/libwiikeyboard.a(wskbdutil.o)
                0x0000000080014b0c                wskbd_load_keymap
 .text._get_protocol
                0x0000000080014e78       0x98 /opt/devkitpro/libogc/lib/wii/libwiikeyboard.a(usbkeyboard.o)
 .text._set_output_report
                0x0000000080014f10       0xa4 /opt/devkitpro/libogc/lib/wii/libwiikeyboard.a(usbkeyboard.o)
 .text._disconnect
                0x0000000080014fb4       0x5c /opt/devkitpro/libogc/lib/wii/libwiikeyboard.a(usbkeyboard.o)
 .text.USBKeyboard_Initialize
                0x0000000080015010       0x50 /opt/devkitpro/libogc/lib/wii/libwiikeyboard.a(usbkeyboard.o)
                0x0000000080015010                USBKeyboard_Initialize
 .text.USBKeyboard_Deinitialize
                0x0000000080015060        0x8 /opt/devkitpro/libogc/lib/wii/libwiikeyboard.a(usbkeyboard.o)
                0x0000000080015060                USBKeyboard_Deinitialize
 .text.USBKeyboard_Close
                0x0000000080015068       0x78 /opt/devkitpro/libogc/lib/wii/libwiikeyboard.a(usbkeyboard.o)
                0x0000000080015068                USBKeyboard_Close
 .text.USBKeyboard_Open
                0x00000000800150e0      0x474 /opt/devkitpro/libogc/lib/wii/libwiikeyboard.a(usbkeyboard.o)
                0x00000000800150e0                USBKeyboard_Open
 .text.USBKeyboard_IsConnected
                0x0000000080015554       0x1c /opt/devkitpro/libogc/lib/wii/libwiikeyboard.a(usbkeyboard.o)
                0x0000000080015554                USBKeyboard_IsConnected
 .text.USBKeyboard_Scan
                0x0000000080015570      0xb58 /opt/devkitpro/libogc/lib/wii/libwiikeyboard.a(usbkeyboard.o)
                0x0000000080015570                USBKeyboard_Scan
 .text.USBKeyboard_SetLed
                0x00000000800160c8       0x9c /opt/devkitpro/libogc/lib/wii/libwiikeyboard.a(usbkeyboard.o)
                0x00000000800160c8                USBKeyboard_SetLed
 .text.fatMount
                0x0000000080016164      0x118 /opt/devkitpro/libogc/lib/wii/libfat.a(libfat.o)
                0x0000000080016164                fatMount
 .text.fatInit  0x000000008001627c      0x198 /opt/devkitpro/libogc/lib/wii/libfat.a(libfat.o)
                0x000000008001627c                fatInit
 .text.fatInitDefault
                0x0000000080016414        0xc /opt/devkitpro/libogc/lib/wii/libfat.a(libfat.o)
                0x0000000080016414                fatInitDefault
 .text.get_io_wiisd
                0x0000000080016420        0xc /opt/devkitpro/libogc/lib/wii/libfat.a(disc.o)
 .text.get_io_usbstorage
                0x000000008001642c        0xc /opt/devkitpro/libogc/lib/wii/libfat.a(disc.o)
 .text.get_io_gcsda
                0x0000000080016438        0xc /opt/devkitpro/libogc/lib/wii/libfat.a(disc.o)
 .text.get_io_gcsdb
                0x0000000080016444        0xc /opt/devkitpro/libogc/lib/wii/libfat.a(disc.o)
 .text._FAT_fat_clusterToSector
                0x0000000080016450       0x28 /opt/devkitpro/libogc/lib/wii/libfat.a(fatfile.o)
 .text._FAT_check_position_for_next_cluster
                0x0000000080016478       0xe8 /opt/devkitpro/libogc/lib/wii/libfat.a(fatfile.o)
 .text._FAT_unlock.isra.0
                0x0000000080016560        0x4 /opt/devkitpro/libogc/lib/wii/libfat.a(fatfile.o)
 .text._FAT_lock.isra.0
                0x0000000080016564        0x4 /opt/devkitpro/libogc/lib/wii/libfat.a(fatfile.o)
 .text._FAT_file_extend_r
                0x0000000080016568      0x290 /opt/devkitpro/libogc/lib/wii/libfat.a(fatfile.o)
 .text._FAT_open_r
                0x00000000800167f8      0x3ac /opt/devkitpro/libogc/lib/wii/libfat.a(fatfile.o)
                0x00000000800167f8                _FAT_open_r
 .text._FAT_syncToDisc
                0x0000000080016ba4      0x12c /opt/devkitpro/libogc/lib/wii/libfat.a(fatfile.o)
                0x0000000080016ba4                _FAT_syncToDisc
 .text._FAT_close_r
                0x0000000080016cd0       0xc4 /opt/devkitpro/libogc/lib/wii/libfat.a(fatfile.o)
                0x0000000080016cd0                _FAT_close_r
 .text._FAT_read_r
                0x0000000080016d94      0x3b0 /opt/devkitpro/libogc/lib/wii/libfat.a(fatfile.o)
                0x0000000080016d94                _FAT_read_r
 .text._FAT_write_r
                0x0000000080017144      0x53c /opt/devkitpro/libogc/lib/wii/libfat.a(fatfile.o)
                0x0000000080017144                _FAT_write_r
 .text._FAT_seek_r
                0x0000000080017680      0x1dc /opt/devkitpro/libogc/lib/wii/libfat.a(fatfile.o)
                0x0000000080017680                _FAT_seek_r
 .text._FAT_fstat_r
                0x000000008001785c       0xd8 /opt/devkitpro/libogc/lib/wii/libfat.a(fatfile.o)
                0x000000008001785c                _FAT_fstat_r
 .text._FAT_ftruncate_r
                0x0000000080017934      0x1fc /opt/devkitpro/libogc/lib/wii/libfat.a(fatfile.o)
                0x0000000080017934                _FAT_ftruncate_r
 .text._FAT_fsync_r
                0x0000000080017b30       0x70 /opt/devkitpro/libogc/lib/wii/libfat.a(fatfile.o)
                0x0000000080017b30                _FAT_fsync_r
 .text._FAT_cache_getPage
                0x0000000080017ba0      0x158 /opt/devkitpro/libogc/lib/wii/libfat.a(cache.o)
 .text._FAT_cache_constructor
                0x0000000080017cf8       0xd0 /opt/devkitpro/libogc/lib/wii/libfat.a(cache.o)
                0x0000000080017cf8                _FAT_cache_constructor
 .text._FAT_cache_readSectors
                0x0000000080017dc8       0xa8 /opt/devkitpro/libogc/lib/wii/libfat.a(cache.o)
                0x0000000080017dc8                _FAT_cache_readSectors
 .text._FAT_cache_readPartialSector
                0x0000000080017e70       0x88 /opt/devkitpro/libogc/lib/wii/libfat.a(cache.o)
                0x0000000080017e70                _FAT_cache_readPartialSector
 .text._FAT_cache_readLittleEndianValue
                0x0000000080017ef8       0x6c /opt/devkitpro/libogc/lib/wii/libfat.a(cache.o)
                0x0000000080017ef8                _FAT_cache_readLittleEndianValue
 .text._FAT_cache_writePartialSector
                0x0000000080017f64       0x90 /opt/devkitpro/libogc/lib/wii/libfat.a(cache.o)
                0x0000000080017f64                _FAT_cache_writePartialSector
 .text._FAT_cache_writeLittleEndianValue
                0x0000000080017ff4       0x6c /opt/devkitpro/libogc/lib/wii/libfat.a(cache.o)
                0x0000000080017ff4                _FAT_cache_writeLittleEndianValue
 .text._FAT_cache_eraseWritePartialSector
                0x0000000080018060       0xa8 /opt/devkitpro/libogc/lib/wii/libfat.a(cache.o)
                0x0000000080018060                _FAT_cache_eraseWritePartialSector
 .text._FAT_cache_writeSectors
                0x0000000080018108       0xb0 /opt/devkitpro/libogc/lib/wii/libfat.a(cache.o)
                0x0000000080018108                _FAT_cache_writeSectors
 .text._FAT_cache_flush
                0x00000000800181b8       0x88 /opt/devkitpro/libogc/lib/wii/libfat.a(cache.o)
                0x00000000800181b8                _FAT_cache_flush
 .text._FAT_unlock.isra.0
                0x0000000080018240        0x4 /opt/devkitpro/libogc/lib/wii/libfat.a(fatdir.o)
 .text._FAT_lock.isra.0
                0x0000000080018244        0x4 /opt/devkitpro/libogc/lib/wii/libfat.a(fatdir.o)
 .text._FAT_stat_r
                0x0000000080018248       0xc0 /opt/devkitpro/libogc/lib/wii/libfat.a(fatdir.o)
                0x0000000080018248                _FAT_stat_r
 .text._FAT_link_r
                0x0000000080018308       0x10 /opt/devkitpro/libogc/lib/wii/libfat.a(fatdir.o)
                0x0000000080018308                _FAT_link_r
 .text._FAT_unlink_r
                0x0000000080018318      0x1b0 /opt/devkitpro/libogc/lib/wii/libfat.a(fatdir.o)
                0x0000000080018318                _FAT_unlink_r
 .text._FAT_chdir_r
                0x00000000800184c8       0xa0 /opt/devkitpro/libogc/lib/wii/libfat.a(fatdir.o)
                0x00000000800184c8                _FAT_chdir_r
 .text._FAT_rename_r
                0x0000000080018568      0x240 /opt/devkitpro/libogc/lib/wii/libfat.a(fatdir.o)
                0x0000000080018568                _FAT_rename_r
 .text._FAT_mkdir_r
                0x00000000800187a8      0x2d0 /opt/devkitpro/libogc/lib/wii/libfat.a(fatdir.o)
                0x00000000800187a8                _FAT_mkdir_r
 .text._FAT_statvfs_r
                0x0000000080018a78       0xdc /opt/devkitpro/libogc/lib/wii/libfat.a(fatdir.o)
                0x0000000080018a78                _FAT_statvfs_r
 .text._FAT_diropen_r
                0x0000000080018b54      0x110 /opt/devkitpro/libogc/lib/wii/libfat.a(fatdir.o)
                0x0000000080018b54                _FAT_diropen_r
 .text._FAT_dirreset_r
                0x0000000080018c64       0x74 /opt/devkitpro/libogc/lib/wii/libfat.a(fatdir.o)
                0x0000000080018c64                _FAT_dirreset_r
 .text._FAT_dirnext_r
                0x0000000080018cd8       0xc4 /opt/devkitpro/libogc/lib/wii/libfat.a(fatdir.o)
                0x0000000080018cd8                _FAT_dirnext_r
 .text._FAT_dirclose_r
                0x0000000080018d9c       0x40 /opt/devkitpro/libogc/lib/wii/libfat.a(fatdir.o)
                0x0000000080018d9c                _FAT_dirclose_r
 .text.u8array_to_u16
                0x0000000080018ddc       0x14 /opt/devkitpro/libogc/lib/wii/libfat.a(directory.o)
 .text._FAT_directory_entryGetAlias
                0x0000000080018df0      0x114 /opt/devkitpro/libogc/lib/wii/libfat.a(directory.o)
 .text._FAT_directory_incrementDirEntryPosition
                0x0000000080018f04       0xf8 /opt/devkitpro/libogc/lib/wii/libfat.a(directory.o)
 .text._FAT_directory_mbsncasecmp
                0x0000000080018ffc       0xec /opt/devkitpro/libogc/lib/wii/libfat.a(directory.o)
 .text._FAT_fat_clusterToSector
                0x00000000800190e8       0x28 /opt/devkitpro/libogc/lib/wii/libfat.a(directory.o)
 .text._FAT_directory_ucs2tombs.constprop.0
                0x0000000080019110       0xdc /opt/devkitpro/libogc/lib/wii/libfat.a(directory.o)
 .text._FAT_directory_entryGetCluster
                0x00000000800191ec       0x50 /opt/devkitpro/libogc/lib/wii/libfat.a(directory.o)
                0x00000000800191ec                _FAT_directory_entryGetCluster
 .text._FAT_directory_getNextEntry
                0x000000008001923c      0x298 /opt/devkitpro/libogc/lib/wii/libfat.a(directory.o)
                0x000000008001923c                _FAT_directory_getNextEntry
 .text._FAT_directory_getFirstEntry
                0x00000000800194d4       0x24 /opt/devkitpro/libogc/lib/wii/libfat.a(directory.o)
                0x00000000800194d4                _FAT_directory_getFirstEntry
 .text._FAT_directory_entryExists
                0x00000000800194f8       0xc4 /opt/devkitpro/libogc/lib/wii/libfat.a(directory.o)
 .text._FAT_directory_getRootEntry
                0x00000000800195bc       0xa0 /opt/devkitpro/libogc/lib/wii/libfat.a(directory.o)
                0x00000000800195bc                _FAT_directory_getRootEntry
 .text._FAT_directory_entryFromPosition
                0x000000008001965c      0x1c0 /opt/devkitpro/libogc/lib/wii/libfat.a(directory.o)
                0x000000008001965c                _FAT_directory_entryFromPosition
 .text._FAT_directory_entryFromPath
                0x000000008001981c      0x294 /opt/devkitpro/libogc/lib/wii/libfat.a(directory.o)
                0x000000008001981c                _FAT_directory_entryFromPath
 .text._FAT_directory_removeEntry
                0x0000000080019ab0       0xf0 /opt/devkitpro/libogc/lib/wii/libfat.a(directory.o)
                0x0000000080019ab0                _FAT_directory_removeEntry
 .text._FAT_directory_addEntry
                0x0000000080019ba0      0x958 /opt/devkitpro/libogc/lib/wii/libfat.a(directory.o)
                0x0000000080019ba0                _FAT_directory_addEntry
 .text._FAT_directory_chdir
                0x000000008001a4f8       0x5c /opt/devkitpro/libogc/lib/wii/libfat.a(directory.o)
                0x000000008001a4f8                _FAT_directory_chdir
 .text._FAT_directory_entryStat
                0x000000008001a554      0x140 /opt/devkitpro/libogc/lib/wii/libfat.a(directory.o)
                0x000000008001a554                _FAT_directory_entryStat
 .text.u8array_to_u16
                0x000000008001a694       0x14 /opt/devkitpro/libogc/lib/wii/libfat.a(partition.o)
 .text.u8array_to_u32
                0x000000008001a6a8       0x30 /opt/devkitpro/libogc/lib/wii/libfat.a(partition.o)
 .text.u32_to_u8array
                0x000000008001a6d8       0x20 /opt/devkitpro/libogc/lib/wii/libfat.a(partition.o)
 .text.isValidMBR
                0x000000008001a6f8       0x7c /opt/devkitpro/libogc/lib/wii/libfat.a(partition.o)
 .text._FAT_disc_readSectors.constprop.0.isra.0
                0x000000008001a774       0x10 /opt/devkitpro/libogc/lib/wii/libfat.a(partition.o)
 .text._FAT_updateFS_INFO
                0x000000008001a784       0x70 /opt/devkitpro/libogc/lib/wii/libfat.a(partition.o)
 .text.FindFirstValidPartition_buf
                0x000000008001a7f4      0x14c /opt/devkitpro/libogc/lib/wii/libfat.a(partition.o)
                0x000000008001a7f4                FindFirstValidPartition_buf
 .text._FAT_partition_getPartitionFromPath
                0x000000008001a940       0x2c /opt/devkitpro/libogc/lib/wii/libfat.a(partition.o)
                0x000000008001a940                _FAT_partition_getPartitionFromPath
 .text._FAT_partition_createFSinfo
                0x000000008001a96c       0x9c /opt/devkitpro/libogc/lib/wii/libfat.a(partition.o)
                0x000000008001a96c                _FAT_partition_createFSinfo
 .text._FAT_partition_readFSinfo
                0x000000008001aa08      0x114 /opt/devkitpro/libogc/lib/wii/libfat.a(partition.o)
                0x000000008001aa08                _FAT_partition_readFSinfo
 .text._FAT_partition_constructor_buf
                0x000000008001ab1c      0x324 /opt/devkitpro/libogc/lib/wii/libfat.a(partition.o)
                0x000000008001ab1c                _FAT_partition_constructor_buf
 .text._FAT_partition_constructor
                0x000000008001ae40       0x68 /opt/devkitpro/libogc/lib/wii/libfat.a(partition.o)
                0x000000008001ae40                _FAT_partition_constructor
 .text._FAT_filetime_getTimeFromRTC
                0x000000008001aea8       0x84 /opt/devkitpro/libogc/lib/wii/libfat.a(filetime.o)
                0x000000008001aea8                _FAT_filetime_getTimeFromRTC
 .text._FAT_filetime_getDateFromRTC
                0x000000008001af2c       0x84 /opt/devkitpro/libogc/lib/wii/libfat.a(filetime.o)
                0x000000008001af2c                _FAT_filetime_getDateFromRTC
 .text._FAT_filetime_to_time_t
                0x000000008001afb0       0x64 /opt/devkitpro/libogc/lib/wii/libfat.a(filetime.o)
                0x000000008001afb0                _FAT_filetime_to_time_t
 .text._FAT_fat_writeFatEntry.isra.0
                0x000000008001b014      0x1bc /opt/devkitpro/libogc/lib/wii/libfat.a(file_allocation_table.o)
 .text._FAT_fat_nextCluster
                0x000000008001b1d0      0x190 /opt/devkitpro/libogc/lib/wii/libfat.a(file_allocation_table.o)
                0x000000008001b1d0                _FAT_fat_nextCluster
 .text._FAT_fat_linkFreeCluster
                0x000000008001b360       0xe4 /opt/devkitpro/libogc/lib/wii/libfat.a(file_allocation_table.o)
                0x000000008001b360                _FAT_fat_linkFreeCluster
 .text._FAT_fat_linkFreeClusterCleared
                0x000000008001b444       0xbc /opt/devkitpro/libogc/lib/wii/libfat.a(file_allocation_table.o)
                0x000000008001b444                _FAT_fat_linkFreeClusterCleared
 .text._FAT_fat_clearLinks
                0x000000008001b500       0xbc /opt/devkitpro/libogc/lib/wii/libfat.a(file_allocation_table.o)
                0x000000008001b500                _FAT_fat_clearLinks
 .text._FAT_fat_trimChain
                0x000000008001b5bc       0xb4 /opt/devkitpro/libogc/lib/wii/libfat.a(file_allocation_table.o)
                0x000000008001b5bc                _FAT_fat_trimChain
 .text._FAT_fat_lastCluster
                0x000000008001b670       0x68 /opt/devkitpro/libogc/lib/wii/libfat.a(file_allocation_table.o)
                0x000000008001b670                _FAT_fat_lastCluster
 .text._FAT_fat_freeClusterCount
                0x000000008001b6d8       0x54 /opt/devkitpro/libogc/lib/wii/libfat.a(file_allocation_table.o)
                0x000000008001b6d8                _FAT_fat_freeClusterCount
 .text.__lwp_queue_initialize
                0x000000008001b72c       0x98 /opt/devkitpro/libogc/lib/wii/libogc.a(lwp_queue.o)
                0x000000008001b72c                __lwp_queue_initialize
 .text.__lwp_queue_get
                0x000000008001b7c4       0x74 /opt/devkitpro/libogc/lib/wii/libogc.a(lwp_queue.o)
                0x000000008001b7c4                __lwp_queue_get
 .text.__lwp_queue_append
                0x000000008001b838       0x4c /opt/devkitpro/libogc/lib/wii/libogc.a(lwp_queue.o)
                0x000000008001b838                __lwp_queue_append
 .text.__lwp_isr_in_progress
                0x000000008001b884        0x8 /opt/devkitpro/libogc/lib/wii/libogc.a(lwp_threads.o)
                0x000000008001b884                __lwp_isr_in_progress
 .text.__thread_dispatch_fp
                0x000000008001b88c       0x88 /opt/devkitpro/libogc/lib/wii/libogc.a(lwp_threads.o)
                0x000000008001b88c                __thread_dispatch_fp
 .text.__thread_dispatch
                0x000000008001b914      0x110 /opt/devkitpro/libogc/lib/wii/libogc.a(lwp_threads.o)
                0x000000008001b914                __thread_dispatch
 .text.__lwp_thread_resettimeslice
                0x000000008001ba24       0xb4 /opt/devkitpro/libogc/lib/wii/libogc.a(lwp_threads.o)
                0x000000008001ba24                __lwp_thread_resettimeslice
 .text.__lwp_thread_tickle_timeslice
                0x000000008001bad8       0xc8 /opt/devkitpro/libogc/lib/wii/libogc.a(lwp_threads.o)
                0x000000008001bad8                __lwp_thread_tickle_timeslice
 .text.__lwp_thread_setstate
                0x000000008001bba0      0x16c /opt/devkitpro/libogc/lib/wii/libogc.a(lwp_threads.o)
                0x000000008001bba0                __lwp_thread_setstate
 .text.__lwp_thread_clearstate
                0x000000008001bd0c       0xe4 /opt/devkitpro/libogc/lib/wii/libogc.a(lwp_threads.o)
                0x000000008001bd0c                __lwp_thread_clearstate
 .text.__lwp_thread_delayended
                0x000000008001bdf0       0x48 /opt/devkitpro/libogc/lib/wii/libogc.a(lwp_threads.o)
                0x000000008001bdf0                __lwp_thread_delayended
 .text.__lwp_thread_suspend
                0x000000008001be38      0x17c /opt/devkitpro/libogc/lib/wii/libogc.a(lwp_threads.o)
                0x000000008001be38                __lwp_thread_suspend
 .text.__lwp_thread_settransient
                0x000000008001bfb4       0xb4 /opt/devkitpro/libogc/lib/wii/libogc.a(lwp_threads.o)
                0x000000008001bfb4                __lwp_thread_settransient
 .text.__lwp_thread_changepriority
                0x000000008001c068      0x1f8 /opt/devkitpro/libogc/lib/wii/libogc.a(lwp_threads.o)
                0x000000008001c068                __lwp_thread_changepriority
 .text.__lwp_thread_resume
                0x000000008001c260      0x12c /opt/devkitpro/libogc/lib/wii/libogc.a(lwp_threads.o)
                0x000000008001c260                __lwp_thread_resume
 .text.__lwp_thread_ready
                0x000000008001c38c       0xf0 /opt/devkitpro/libogc/lib/wii/libogc.a(lwp_threads.o)
                0x000000008001c38c                __lwp_thread_ready
 .text.__lwp_thread_init
                0x000000008001c47c      0x16c /opt/devkitpro/libogc/lib/wii/libogc.a(lwp_threads.o)
                0x000000008001c47c                __lwp_thread_init
 .text.__lwp_thread_close
                0x000000008001c5e8      0x138 /opt/devkitpro/libogc/lib/wii/libogc.a(lwp_threads.o)
                0x000000008001c5e8                __lwp_thread_close
 .text.__lwp_thread_handler
                0x000000008001c720       0xd8 /opt/devkitpro/libogc/lib/wii/libogc.a(lwp_threads.o)
 .text.__lwp_thread_closeall
                0x000000008001c7f8       0xb4 /opt/devkitpro/libogc/lib/wii/libogc.a(lwp_threads.o)
                0x000000008001c7f8                __lwp_thread_closeall
 .text.__lwp_thread_start
                0x000000008001c8ac       0xe8 /opt/devkitpro/libogc/lib/wii/libogc.a(lwp_threads.o)
                0x000000008001c8ac                __lwp_thread_start
 .text.__lwp_thread_startmultitasking
                0x000000008001c994       0xac /opt/devkitpro/libogc/lib/wii/libogc.a(lwp_threads.o)
                0x000000008001c994                __lwp_thread_startmultitasking
 .text.__lwp_thread_stopmultitasking
                0x000000008001ca40       0x58 /opt/devkitpro/libogc/lib/wii/libogc.a(lwp_threads.o)
                0x000000008001ca40                __lwp_thread_stopmultitasking
 .text.__lwp_thread_coreinit
                0x000000008001ca98       0xc8 /opt/devkitpro/libogc/lib/wii/libogc.a(lwp_threads.o)
                0x000000008001ca98                __lwp_thread_coreinit
 .text.idle_func
                0x000000008001cb60        0x4 /opt/devkitpro/libogc/lib/wii/libogc.a(lwp.o)
 .text.__lwp_sysinit
                0x000000008001cb64      0x114 /opt/devkitpro/libogc/lib/wii/libogc.a(lwp.o)
                0x000000008001cb64                __lwp_sysinit
 .text.LWP_CreateThread
                0x000000008001cc78      0x1bc /opt/devkitpro/libogc/lib/wii/libogc.a(lwp.o)
                0x000000008001cc78                LWP_CreateThread
 .text.LWP_SuspendThread
                0x000000008001ce34       0xc0 /opt/devkitpro/libogc/lib/wii/libogc.a(lwp.o)
                0x000000008001ce34                LWP_SuspendThread
 .text.LWP_ResumeThread
                0x000000008001cef4       0xd0 /opt/devkitpro/libogc/lib/wii/libogc.a(lwp.o)
                0x000000008001cef4                LWP_ResumeThread
 .text.LWP_GetSelf
                0x000000008001cfc4       0x28 /opt/devkitpro/libogc/lib/wii/libogc.a(lwp.o)
                0x000000008001cfc4                LWP_GetSelf
 .text.LWP_JoinThread
                0x000000008001cfec      0x170 /opt/devkitpro/libogc/lib/wii/libogc.a(lwp.o)
                0x000000008001cfec                LWP_JoinThread
 .text.LWP_InitQueue
                0x000000008001d15c      0x148 /opt/devkitpro/libogc/lib/wii/libogc.a(lwp.o)
                0x000000008001d15c                LWP_InitQueue
 .text.LWP_CloseQueue
                0x000000008001d2a4       0xd4 /opt/devkitpro/libogc/lib/wii/libogc.a(lwp.o)
                0x000000008001d2a4                LWP_CloseQueue
 .text.LWP_ThreadSleep
                0x000000008001d378      0x110 /opt/devkitpro/libogc/lib/wii/libogc.a(lwp.o)
                0x000000008001d378                LWP_ThreadSleep
 .text.LWP_ThreadBroadcast
                0x000000008001d488       0x88 /opt/devkitpro/libogc/lib/wii/libogc.a(lwp.o)
                0x000000008001d488                LWP_ThreadBroadcast
 .text.LWP_ThreadSignal
                0x000000008001d510       0x74 /opt/devkitpro/libogc/lib/wii/libogc.a(lwp.o)
                0x000000008001d510                LWP_ThreadSignal
 .text.__lwp_stack_allocate
                0x000000008001d584       0x60 /opt/devkitpro/libogc/lib/wii/libogc.a(lwp_stack.o)
                0x000000008001d584                __lwp_stack_allocate
 .text.__lwp_stack_free
                0x000000008001d5e4       0x1c /opt/devkitpro/libogc/lib/wii/libogc.a(lwp_stack.o)
                0x000000008001d5e4                __lwp_stack_free
 .text.__lwp_wd_settimer
                0x000000008001d600       0xe0 /opt/devkitpro/libogc/lib/wii/libogc.a(lwp_watchdog.o)
 .text.__lwp_watchdog_init
                0x000000008001d6e0       0x2c /opt/devkitpro/libogc/lib/wii/libogc.a(lwp_watchdog.o)
                0x000000008001d6e0                __lwp_watchdog_init
 .text.__lwp_wd_insert
                0x000000008001d70c      0x1b0 /opt/devkitpro/libogc/lib/wii/libogc.a(lwp_watchdog.o)
                0x000000008001d70c                __lwp_wd_insert
 .text.__lwp_wd_remove
                0x000000008001d8bc      0x138 /opt/devkitpro/libogc/lib/wii/libogc.a(lwp_watchdog.o)
                0x000000008001d8bc                __lwp_wd_remove
 .text.__lwp_wd_tickle
                0x000000008001d9f4      0x120 /opt/devkitpro/libogc/lib/wii/libogc.a(lwp_watchdog.o)
                0x000000008001d9f4                __lwp_wd_tickle
 .text.__lwp_wkspace_init
                0x000000008001db14       0xc0 /opt/devkitpro/libogc/lib/wii/libogc.a(lwp_wkspace.o)
                0x000000008001db14                __lwp_wkspace_init
 .text.__lwp_objmgr_initinfo
                0x000000008001dbd4      0x1a0 /opt/devkitpro/libogc/lib/wii/libogc.a(lwp_objmgr.o)
                0x000000008001dbd4                __lwp_objmgr_initinfo
 .text.__lwp_objmgr_getisrdisable
                0x000000008001dd74       0x60 /opt/devkitpro/libogc/lib/wii/libogc.a(lwp_objmgr.o)
                0x000000008001dd74                __lwp_objmgr_getisrdisable
 .text.__lwp_objmgr_getnoprotection
                0x000000008001ddd4       0x24 /opt/devkitpro/libogc/lib/wii/libogc.a(lwp_objmgr.o)
                0x000000008001ddd4                __lwp_objmgr_getnoprotection
 .text.__lwp_objmgr_get
                0x000000008001ddf8       0x70 /opt/devkitpro/libogc/lib/wii/libogc.a(lwp_objmgr.o)
                0x000000008001ddf8                __lwp_objmgr_get
 .text.__lwp_objmgr_allocate
                0x000000008001de68       0x88 /opt/devkitpro/libogc/lib/wii/libogc.a(lwp_objmgr.o)
                0x000000008001de68                __lwp_objmgr_allocate
 .text.__lwp_objmgr_free
                0x000000008001def0       0x60 /opt/devkitpro/libogc/lib/wii/libogc.a(lwp_objmgr.o)
                0x000000008001def0                __lwp_objmgr_free
 .text.__lwp_heap_init
                0x000000008001df50       0xa4 /opt/devkitpro/libogc/lib/wii/libogc.a(lwp_heap.o)
                0x000000008001df50                __lwp_heap_init
 .text.__lwp_heap_allocate
                0x000000008001dff4      0x16c /opt/devkitpro/libogc/lib/wii/libogc.a(lwp_heap.o)
                0x000000008001dff4                __lwp_heap_allocate
 .text.__lwp_heap_free
                0x000000008001e160      0x188 /opt/devkitpro/libogc/lib/wii/libogc.a(lwp_heap.o)
                0x000000008001e160                __lwp_heap_free
 .text.__SetInterrupts
                0x000000008001e2e8      0x298 /opt/devkitpro/libogc/lib/wii/libogc.a(irq.o)
 .text.c_irqdispatcher
                0x000000008001e580      0x2d4 /opt/devkitpro/libogc/lib/wii/libogc.a(irq.o)
                0x000000008001e580                c_irqdispatcher
 .text.__UnmaskIrq
                0x000000008001e854       0x84 /opt/devkitpro/libogc/lib/wii/libogc.a(irq.o)
                0x000000008001e854                __UnmaskIrq
 .text.__MaskIrq
                0x000000008001e8d8       0x84 /opt/devkitpro/libogc/lib/wii/libogc.a(irq.o)
                0x000000008001e8d8                __MaskIrq
 .text.__irq_init
                0x000000008001e95c       0x9c /opt/devkitpro/libogc/lib/wii/libogc.a(irq.o)
                0x000000008001e95c                __irq_init
 .text.IRQ_Request
                0x000000008001e9f8       0x50 /opt/devkitpro/libogc/lib/wii/libogc.a(irq.o)
                0x000000008001e9f8                IRQ_Request
 .text.IRQ_GetHandler
                0x000000008001ea48       0x44 /opt/devkitpro/libogc/lib/wii/libogc.a(irq.o)
                0x000000008001ea48                IRQ_GetHandler
 .text.IRQ_Free
                0x000000008001ea8c       0x54 /opt/devkitpro/libogc/lib/wii/libogc.a(irq.o)
                0x000000008001ea8c                IRQ_Free
 .text.IRQ_Disable
                0x000000008001eae0       0x1c /opt/devkitpro/libogc/lib/wii/libogc.a(irq.o)
                0x000000008001eae0                IRQ_Disable
 .text.IRQ_Restore
                0x000000008001eafc       0x1c /opt/devkitpro/libogc/lib/wii/libogc.a(irq.o)
                0x000000008001eafc                IRQ_Restore
 .text.__VISendI2CData.constprop.0.isra.0
                0x000000008001eb18      0x454 /opt/devkitpro/libogc/lib/wii/libogc.a(video.o)
 .text.__setFbbRegs.constprop.0
                0x000000008001ef6c      0x198 /opt/devkitpro/libogc/lib/wii/libogc.a(video.o)
 .text.__VISetYUVSEL
                0x000000008001f104       0xc4 /opt/devkitpro/libogc/lib/wii/libogc.a(video.o)
 .text.VIDEO_Configure
                0x000000008001f1c8      0x600 /opt/devkitpro/libogc/lib/wii/libogc.a(video.o)
                0x000000008001f1c8                VIDEO_Configure
 .text.VIDEO_WaitVSync
                0x000000008001f7c8       0x74 /opt/devkitpro/libogc/lib/wii/libogc.a(video.o)
                0x000000008001f7c8                VIDEO_WaitVSync
 .text.VIDEO_SetFramebuffer
                0x000000008001f83c      0x108 /opt/devkitpro/libogc/lib/wii/libogc.a(video.o)
                0x000000008001f83c                VIDEO_SetFramebuffer
 .text.VIDEO_SetNextFramebuffer
                0x000000008001f944       0x70 /opt/devkitpro/libogc/lib/wii/libogc.a(video.o)
                0x000000008001f944                VIDEO_SetNextFramebuffer
 .text.VIDEO_Flush
                0x000000008001f9b4       0xf4 /opt/devkitpro/libogc/lib/wii/libogc.a(video.o)
                0x000000008001f9b4                VIDEO_Flush
 .text.VIDEO_SetBlack
                0x000000008001faa8      0x144 /opt/devkitpro/libogc/lib/wii/libogc.a(video.o)
                0x000000008001faa8                VIDEO_SetBlack
 .text.VIDEO_GetCurrentTvMode
                0x000000008001fbec       0x78 /opt/devkitpro/libogc/lib/wii/libogc.a(video.o)
                0x000000008001fbec                VIDEO_GetCurrentTvMode
 .text.__VIRetraceHandler
                0x000000008001fc64      0x294 /opt/devkitpro/libogc/lib/wii/libogc.a(video.o)
 .text.__VISetupEncoder
                0x000000008001fef8      0x2cc /opt/devkitpro/libogc/lib/wii/libogc.a(video.o)
 .text.VIDEO_Init
                0x00000000800201c4      0x4dc /opt/devkitpro/libogc/lib/wii/libogc.a(video.o)
                0x00000000800201c4                VIDEO_Init
 .text.VIDEO_GetPreferredMode
                0x00000000800206a0      0x100 /opt/devkitpro/libogc/lib/wii/libogc.a(video.o)
                0x00000000800206a0                VIDEO_GetPreferredMode
 .text.VIDEO_GetCurrentLine
                0x00000000800207a0       0x98 /opt/devkitpro/libogc/lib/wii/libogc.a(video.o)
                0x00000000800207a0                VIDEO_GetCurrentLine
 .text.VIDEO_GetFrameBufferSize
                0x0000000080020838       0x34 /opt/devkitpro/libogc/lib/wii/libogc.a(video.o)
                0x0000000080020838                VIDEO_GetFrameBufferSize
 .text.VIDEO_ClearFrameBuffer
                0x000000008002086c       0x38 /opt/devkitpro/libogc/lib/wii/libogc.a(video.o)
                0x000000008002086c                VIDEO_ClearFrameBuffer
 .text.SPEC1_MakeStatus
                0x00000000800208a4      0x104 /opt/devkitpro/libogc/lib/wii/libogc.a(pad.o)
 .text.__pad_samplinghandler
                0x00000000800209a8        0x4 /opt/devkitpro/libogc/lib/wii/libogc.a(pad.o)
 .text.__pad_doreset
                0x00000000800209ac       0x50 /opt/devkitpro/libogc/lib/wii/libogc.a(pad.o)
 .text.__pad_updateorigin
                0x00000000800209fc       0xa0 /opt/devkitpro/libogc/lib/wii/libogc.a(pad.o)
 .text.__pad_disable
                0x0000000080020a9c       0xbc /opt/devkitpro/libogc/lib/wii/libogc.a(pad.o)
 .text.__pad_receivecheckcallback
                0x0000000080020b58       0x84 /opt/devkitpro/libogc/lib/wii/libogc.a(pad.o)
 .text.__pad_typeandstatuscallback
                0x0000000080020bdc      0x1ac /opt/devkitpro/libogc/lib/wii/libogc.a(pad.o)
 .text.__pad_originupdatecallback
                0x0000000080020d88       0x74 /opt/devkitpro/libogc/lib/wii/libogc.a(pad.o)
 .text.__pad_onreset
                0x0000000080020dfc      0x108 /opt/devkitpro/libogc/lib/wii/libogc.a(pad.o)
 .text.SPEC2_MakeStatus
                0x0000000080020f04      0x208 /opt/devkitpro/libogc/lib/wii/libogc.a(pad.o)
 .text.__pad_origincallback
                0x000000008002110c       0x74 /opt/devkitpro/libogc/lib/wii/libogc.a(pad.o)
 .text.__pad_probecallback
                0x0000000080021180       0x88 /opt/devkitpro/libogc/lib/wii/libogc.a(pad.o)
 .text.__PADDisableRecalibration
                0x0000000080021208       0x58 /opt/devkitpro/libogc/lib/wii/libogc.a(pad.o)
                0x0000000080021208                __PADDisableRecalibration
 .text.PAD_Reset
                0x0000000080021260       0xf0 /opt/devkitpro/libogc/lib/wii/libogc.a(pad.o)
                0x0000000080021260                PAD_Reset
 .text.PAD_Read
                0x0000000080021350      0x2f8 /opt/devkitpro/libogc/lib/wii/libogc.a(pad.o)
                0x0000000080021350                PAD_Read
 .text.PAD_Init
                0x0000000080021648       0xf8 /opt/devkitpro/libogc/lib/wii/libogc.a(pad.o)
                0x0000000080021648                PAD_Init
 .text.PAD_ScanPads
                0x0000000080021740      0x2f8 /opt/devkitpro/libogc/lib/wii/libogc.a(pad.o)
                0x0000000080021740                PAD_ScanPads
 .text.PAD_ButtonsDown
                0x0000000080021a38       0x38 /opt/devkitpro/libogc/lib/wii/libogc.a(pad.o)
                0x0000000080021a38                PAD_ButtonsDown
 .text.__lwp_mutex_locksupp.constprop.0
                0x0000000080021a70      0x294 /opt/devkitpro/libogc/lib/wii/libogc.a(mutex.o)
 .text.__lwp_mutex_init
                0x0000000080021d04       0x14 /opt/devkitpro/libogc/lib/wii/libogc.a(mutex.o)
                0x0000000080021d04                __lwp_mutex_init
 .text.LWP_MutexInit
                0x0000000080021d18       0xe4 /opt/devkitpro/libogc/lib/wii/libogc.a(mutex.o)
                0x0000000080021d18                LWP_MutexInit
 .text.LWP_MutexDestroy
                0x0000000080021dfc       0xf0 /opt/devkitpro/libogc/lib/wii/libogc.a(mutex.o)
                0x0000000080021dfc                LWP_MutexDestroy
 .text.LWP_MutexLock
                0x0000000080021eec        0x8 /opt/devkitpro/libogc/lib/wii/libogc.a(mutex.o)
                0x0000000080021eec                LWP_MutexLock
 .text.LWP_MutexUnlock
                0x0000000080021ef4       0x9c /opt/devkitpro/libogc/lib/wii/libogc.a(mutex.o)
                0x0000000080021ef4                LWP_MutexUnlock
 .text.__call_resetfuncs
                0x0000000080021f90       0xbc /opt/devkitpro/libogc/lib/wii/libogc.a(system.o)
 .text.__MEMInterruptHandler
                0x000000008002204c       0x14 /opt/devkitpro/libogc/lib/wii/libogc.a(system.o)
 .text.__RSWDefaultHandler
                0x0000000080022060        0x4 /opt/devkitpro/libogc/lib/wii/libogc.a(system.o)
 .text.__POWDefaultHandler
                0x0000000080022064        0x4 /opt/devkitpro/libogc/lib/wii/libogc.a(system.o)
 .text.__STMEventHandler
                0x0000000080022068      0x104 /opt/devkitpro/libogc/lib/wii/libogc.a(system.o)
 .text.__sys_alarmhandler
                0x000000008002216c       0xfc /opt/devkitpro/libogc/lib/wii/libogc.a(system.o)
 .text.__getrtc
                0x0000000080022268      0x168 /opt/devkitpro/libogc/lib/wii/libogc.a(system.o)
 .text.__sram_write
                0x00000000800223d0      0x148 /opt/devkitpro/libogc/lib/wii/libogc.a(system.o)
 .text.__sram_writecallback
                0x0000000080022518       0x54 /opt/devkitpro/libogc/lib/wii/libogc.a(system.o)
 .text.__mem_onreset
                0x000000008002256c       0x48 /opt/devkitpro/libogc/lib/wii/libogc.a(system.o)
 .text.__unlocksram
                0x00000000800225b4      0x178 /opt/devkitpro/libogc/lib/wii/libogc.a(system.o)
 .text.__syscall_sbrk_r
                0x000000008002272c        0x4 /opt/devkitpro/libogc/lib/wii/libogc.a(system.o)
                0x000000008002272c                __syscall_sbrk_r
 .text.__syscall_lock_init
                0x0000000080022730        0x4 /opt/devkitpro/libogc/lib/wii/libogc.a(system.o)
                0x0000000080022730                __syscall_lock_init
 .text.__syscall_lock_close
                0x0000000080022734        0x4 /opt/devkitpro/libogc/lib/wii/libogc.a(system.o)
                0x0000000080022734                __syscall_lock_close
 .text.__syscall_lock_release
                0x0000000080022738        0x4 /opt/devkitpro/libogc/lib/wii/libogc.a(system.o)
                0x0000000080022738                __syscall_lock_release
 .text.__syscall_lock_acquire
                0x000000008002273c        0x4 /opt/devkitpro/libogc/lib/wii/libogc.a(system.o)
                0x000000008002273c                __syscall_lock_acquire
 .text.__syscall_malloc_lock
                0x0000000080022740        0x4 /opt/devkitpro/libogc/lib/wii/libogc.a(system.o)
                0x0000000080022740                __syscall_malloc_lock
 .text.__syscall_malloc_unlock
                0x0000000080022744        0x4 /opt/devkitpro/libogc/lib/wii/libogc.a(system.o)
                0x0000000080022744                __syscall_malloc_unlock
 .text.__syscall_gettod_r
                0x0000000080022748        0x4 /opt/devkitpro/libogc/lib/wii/libogc.a(system.o)
                0x0000000080022748                __syscall_gettod_r
 .text.__syscall_nanosleep
                0x000000008002274c        0x4 /opt/devkitpro/libogc/lib/wii/libogc.a(system.o)
                0x000000008002274c                __syscall_nanosleep
 .text.__SYS_GetRTC
                0x0000000080022750       0xd4 /opt/devkitpro/libogc/lib/wii/libogc.a(system.o)
                0x0000000080022750                __SYS_GetRTC
 .text.__SYS_GetIPCBufferLo
                0x0000000080022824        0x8 /opt/devkitpro/libogc/lib/wii/libogc.a(system.o)
                0x0000000080022824                __SYS_GetIPCBufferLo
 .text.__SYS_GetIPCBufferHi
                0x000000008002282c        0x8 /opt/devkitpro/libogc/lib/wii/libogc.a(system.o)
                0x000000008002282c                __SYS_GetIPCBufferHi
 .text.__SYS_DoPowerCB
                0x0000000080022834       0x74 /opt/devkitpro/libogc/lib/wii/libogc.a(system.o)
                0x0000000080022834                __SYS_DoPowerCB
 .text.__SYS_PreInit
                0x00000000800228a8        0x4 /opt/devkitpro/libogc/lib/wii/libogc.a(system.o)
                0x00000000800228a8                __SYS_PreInit
 .text.SYS_PreMain
                0x00000000800228ac       0xb4 /opt/devkitpro/libogc/lib/wii/libogc.a(system.o)
                0x00000000800228ac                SYS_PreMain
 .text.SYS_ResetButtonDown
                0x0000000080022960       0x18 /opt/devkitpro/libogc/lib/wii/libogc.a(system.o)
                0x0000000080022960                SYS_ResetButtonDown
 .text.SYS_ResetSystem
                0x0000000080022978      0x210 /opt/devkitpro/libogc/lib/wii/libogc.a(system.o)
                0x0000000080022978                SYS_ResetSystem
 .text.__reload
                0x0000000080022b88       0x80 /opt/devkitpro/libogc/lib/wii/libogc.a(system.o)
                0x0000000080022b88                __reload
 .text.__syscall_exit
                0x0000000080022c08       0x88 /opt/devkitpro/libogc/lib/wii/libogc.a(system.o)
                0x0000000080022c08                __syscall_exit
 .text.SYS_RegisterResetFunc
                0x0000000080022c90       0x78 /opt/devkitpro/libogc/lib/wii/libogc.a(system.o)
                0x0000000080022c90                SYS_RegisterResetFunc
 .text.SYS_SetArena1Lo
                0x0000000080022d08       0x38 /opt/devkitpro/libogc/lib/wii/libogc.a(system.o)
                0x0000000080022d08                SYS_SetArena1Lo
 .text.SYS_GetArena1Lo
                0x0000000080022d40       0x38 /opt/devkitpro/libogc/lib/wii/libogc.a(system.o)
                0x0000000080022d40                SYS_GetArena1Lo
 .text.SYS_GetArena1Hi
                0x0000000080022d78       0x38 /opt/devkitpro/libogc/lib/wii/libogc.a(system.o)
                0x0000000080022d78                SYS_GetArena1Hi
 .text.SYS_SetArena2Lo
                0x0000000080022db0       0x38 /opt/devkitpro/libogc/lib/wii/libogc.a(system.o)
                0x0000000080022db0                SYS_SetArena2Lo
 .text.SYS_GetArena2Lo
                0x0000000080022de8       0x38 /opt/devkitpro/libogc/lib/wii/libogc.a(system.o)
                0x0000000080022de8                SYS_GetArena2Lo
 .text.SYS_SetArena2Hi
                0x0000000080022e20       0x38 /opt/devkitpro/libogc/lib/wii/libogc.a(system.o)
                0x0000000080022e20                SYS_SetArena2Hi
 .text.SYS_GetArena2Hi
                0x0000000080022e58       0x38 /opt/devkitpro/libogc/lib/wii/libogc.a(system.o)
                0x0000000080022e58                SYS_GetArena2Hi
 .text.SYS_AllocateFramebuffer
                0x0000000080022e90       0x28 /opt/devkitpro/libogc/lib/wii/libogc.a(system.o)
                0x0000000080022e90                SYS_AllocateFramebuffer
 .text.SYS_CreateAlarm
                0x0000000080022eb8      0x10c /opt/devkitpro/libogc/lib/wii/libogc.a(system.o)
                0x0000000080022eb8                SYS_CreateAlarm
 .text.SYS_SetAlarm
                0x0000000080022fc4      0x1b0 /opt/devkitpro/libogc/lib/wii/libogc.a(system.o)
                0x0000000080022fc4                SYS_SetAlarm
 .text.SYS_SetPeriodicAlarm
                0x0000000080023174      0x228 /opt/devkitpro/libogc/lib/wii/libogc.a(system.o)
                0x0000000080023174                SYS_SetPeriodicAlarm
 .text.SYS_RemoveAlarm
                0x000000008002339c      0x12c /opt/devkitpro/libogc/lib/wii/libogc.a(system.o)
                0x000000008002339c                SYS_RemoveAlarm
 .text.SYS_CancelAlarm
                0x00000000800234c8       0xdc /opt/devkitpro/libogc/lib/wii/libogc.a(system.o)
                0x00000000800234c8                SYS_CancelAlarm
 .text.SYS_SetResetCallback
                0x00000000800235a4       0x40 /opt/devkitpro/libogc/lib/wii/libogc.a(system.o)
                0x00000000800235a4                SYS_SetResetCallback
 .text.SYS_SetPowerCallback
                0x00000000800235e4       0x40 /opt/devkitpro/libogc/lib/wii/libogc.a(system.o)
                0x00000000800235e4                SYS_SetPowerCallback
 .text.SYS_SetWirelessID
                0x0000000080023624       0x94 /opt/devkitpro/libogc/lib/wii/libogc.a(system.o)
                0x0000000080023624                SYS_SetWirelessID
 .text.SYS_GetWirelessID
                0x00000000800236b8       0x90 /opt/devkitpro/libogc/lib/wii/libogc.a(system.o)
                0x00000000800236b8                SYS_GetWirelessID
 .text.SYS_SetGBSMode
                0x0000000080023748       0xa8 /opt/devkitpro/libogc/lib/wii/libogc.a(system.o)
                0x0000000080023748                SYS_SetGBSMode
 .text.__sram_init
                0x00000000800237f0      0x1b0 /opt/devkitpro/libogc/lib/wii/libogc.a(system.o)
                0x00000000800237f0                __sram_init
 .text.SYS_Init
                0x00000000800239a0      0x5f0 /opt/devkitpro/libogc/lib/wii/libogc.a(system.o)
                0x00000000800239a0                SYS_Init
 .text.SYS_GetHollywoodRevision
                0x0000000080023f90       0x3c /opt/devkitpro/libogc/lib/wii/libogc.a(system.o)
                0x0000000080023f90                SYS_GetHollywoodRevision
 .text.__lwp_cond_init
                0x0000000080023fcc       0x14 /opt/devkitpro/libogc/lib/wii/libogc.a(cond.o)
                0x0000000080023fcc                __lwp_cond_init
 .text.__GX_InitRevBits
                0x0000000080023fe0      0x140 /opt/devkitpro/libogc/lib/wii/libogc.a(gx.o)
 .text.__GXTokenInterruptHandler
                0x0000000080024120       0x68 /opt/devkitpro/libogc/lib/wii/libogc.a(gx.o)
 .text.__GXDefTexRegionCallback
                0x0000000080024188       0x78 /opt/devkitpro/libogc/lib/wii/libogc.a(gx.o)
 .text.__GXDefTlutRegionCallback
                0x0000000080024200       0x18 /opt/devkitpro/libogc/lib/wii/libogc.a(gx.o)
 .text.__SetSURegs